../Core/Src/stm32h7xx_hal_msp.c:67:6:HAL_MspInit	16	static
../Core/Src/stm32h7xx_hal_msp.c:105:6:HAL_ADC_MspInit	232	static
../Core/Src/stm32h7xx_hal_msp.c:177:6:HAL_ADC_MspDeInit	8	static
../Core/Src/stm32h7xx_hal_msp.c:207:6:HAL_DAC_MspInit	48	static
../Core/Src/stm32h7xx_hal_msp.c:260:6:HAL_DAC_MspDeInit	8	static
../Core/Src/stm32h7xx_hal_msp.c:290:6:HAL_TIM_Encoder_MspInit	40	static
../Core/Src/stm32h7xx_hal_msp.c:330:6:HAL_TIM_Base_MspInit	8	static
../Core/Src/stm32h7xx_hal_msp.c:353:6:HAL_TIM_Encoder_MspDeInit	8	static
../Core/Src/stm32h7xx_hal_msp.c:384:6:HAL_TIM_Base_MspDeInit	0	static
