Archive member included to satisfy reference by file (symbol)

C:/ST/STM32CubeIDE_1.16.1/STM32CubeIDE/plugins/com.st.stm32cube.ide.mcu.externaltools.gnu-tools-for-stm32.12.3.rel1.win32_1.0.200.202406191623/tools/bin/../lib/gcc/arm-none-eabi/12.3.1/../../../../arm-none-eabi/lib/thumb/v7e-m+dp/hard\libm.a(libm_a-sf_pow.o)
                              ./Core/Src/main.o (powf)
C:/ST/STM32CubeIDE_1.16.1/STM32CubeIDE/plugins/com.st.stm32cube.ide.mcu.externaltools.gnu-tools-for-stm32.12.3.rel1.win32_1.0.200.202406191623/tools/bin/../lib/gcc/arm-none-eabi/12.3.1/../../../../arm-none-eabi/lib/thumb/v7e-m+dp/hard\libm.a(libm_a-cosf.o)
                              ./Core/Src/main.o (cosf)
C:/ST/STM32CubeIDE_1.16.1/STM32CubeIDE/plugins/com.st.stm32cube.ide.mcu.externaltools.gnu-tools-for-stm32.12.3.rel1.win32_1.0.200.202406191623/tools/bin/../lib/gcc/arm-none-eabi/12.3.1/../../../../arm-none-eabi/lib/thumb/v7e-m+dp/hard\libm.a(libm_a-sincosf_data.o)
                              C:/ST/STM32CubeIDE_1.16.1/STM32CubeIDE/plugins/com.st.stm32cube.ide.mcu.externaltools.gnu-tools-for-stm32.12.3.rel1.win32_1.0.200.202406191623/tools/bin/../lib/gcc/arm-none-eabi/12.3.1/../../../../arm-none-eabi/lib/thumb/v7e-m+dp/hard\libm.a(libm_a-cosf.o) (__inv_pio4)
C:/ST/STM32CubeIDE_1.16.1/STM32CubeIDE/plugins/com.st.stm32cube.ide.mcu.externaltools.gnu-tools-for-stm32.12.3.rel1.win32_1.0.200.202406191623/tools/bin/../lib/gcc/arm-none-eabi/12.3.1/../../../../arm-none-eabi/lib/thumb/v7e-m+dp/hard\libm.a(libm_a-math_errf.o)
                              C:/ST/STM32CubeIDE_1.16.1/STM32CubeIDE/plugins/com.st.stm32cube.ide.mcu.externaltools.gnu-tools-for-stm32.12.3.rel1.win32_1.0.200.202406191623/tools/bin/../lib/gcc/arm-none-eabi/12.3.1/../../../../arm-none-eabi/lib/thumb/v7e-m+dp/hard\libm.a(libm_a-sf_pow.o) (__math_uflowf)
C:/ST/STM32CubeIDE_1.16.1/STM32CubeIDE/plugins/com.st.stm32cube.ide.mcu.externaltools.gnu-tools-for-stm32.12.3.rel1.win32_1.0.200.202406191623/tools/bin/../lib/gcc/arm-none-eabi/12.3.1/../../../../arm-none-eabi/lib/thumb/v7e-m+dp/hard\libm.a(libm_a-sf_exp2_data.o)
                              C:/ST/STM32CubeIDE_1.16.1/STM32CubeIDE/plugins/com.st.stm32cube.ide.mcu.externaltools.gnu-tools-for-stm32.12.3.rel1.win32_1.0.200.202406191623/tools/bin/../lib/gcc/arm-none-eabi/12.3.1/../../../../arm-none-eabi/lib/thumb/v7e-m+dp/hard\libm.a(libm_a-sf_pow.o) (__exp2f_data)
C:/ST/STM32CubeIDE_1.16.1/STM32CubeIDE/plugins/com.st.stm32cube.ide.mcu.externaltools.gnu-tools-for-stm32.12.3.rel1.win32_1.0.200.202406191623/tools/bin/../lib/gcc/arm-none-eabi/12.3.1/../../../../arm-none-eabi/lib/thumb/v7e-m+dp/hard\libm.a(libm_a-sf_pow_log2_data.o)
                              C:/ST/STM32CubeIDE_1.16.1/STM32CubeIDE/plugins/com.st.stm32cube.ide.mcu.externaltools.gnu-tools-for-stm32.12.3.rel1.win32_1.0.200.202406191623/tools/bin/../lib/gcc/arm-none-eabi/12.3.1/../../../../arm-none-eabi/lib/thumb/v7e-m+dp/hard\libm.a(libm_a-sf_pow.o) (__powf_log2_data)
C:/ST/STM32CubeIDE_1.16.1/STM32CubeIDE/plugins/com.st.stm32cube.ide.mcu.externaltools.gnu-tools-for-stm32.12.3.rel1.win32_1.0.200.202406191623/tools/bin/../lib/gcc/arm-none-eabi/12.3.1/../../../../arm-none-eabi/lib/thumb/v7e-m+dp/hard\libc_nano.a(libc_a-exit.o)
                              C:/ST/STM32CubeIDE_1.16.1/STM32CubeIDE/plugins/com.st.stm32cube.ide.mcu.externaltools.gnu-tools-for-stm32.12.3.rel1.win32_1.0.200.202406191623/tools/bin/../lib/gcc/arm-none-eabi/12.3.1/../../../../arm-none-eabi/lib/thumb/v7e-m+dp/hard/crt0.o (exit)
C:/ST/STM32CubeIDE_1.16.1/STM32CubeIDE/plugins/com.st.stm32cube.ide.mcu.externaltools.gnu-tools-for-stm32.12.3.rel1.win32_1.0.200.202406191623/tools/bin/../lib/gcc/arm-none-eabi/12.3.1/../../../../arm-none-eabi/lib/thumb/v7e-m+dp/hard\libc_nano.a(libc_a-findfp.o)
                              C:/ST/STM32CubeIDE_1.16.1/STM32CubeIDE/plugins/com.st.stm32cube.ide.mcu.externaltools.gnu-tools-for-stm32.12.3.rel1.win32_1.0.200.202406191623/tools/bin/../lib/gcc/arm-none-eabi/12.3.1/../../../../arm-none-eabi/lib/thumb/v7e-m+dp/hard\libc_nano.a(libc_a-exit.o) (__stdio_exit_handler)
C:/ST/STM32CubeIDE_1.16.1/STM32CubeIDE/plugins/com.st.stm32cube.ide.mcu.externaltools.gnu-tools-for-stm32.12.3.rel1.win32_1.0.200.202406191623/tools/bin/../lib/gcc/arm-none-eabi/12.3.1/../../../../arm-none-eabi/lib/thumb/v7e-m+dp/hard\libc_nano.a(libc_a-fwalk.o)
                              C:/ST/STM32CubeIDE_1.16.1/STM32CubeIDE/plugins/com.st.stm32cube.ide.mcu.externaltools.gnu-tools-for-stm32.12.3.rel1.win32_1.0.200.202406191623/tools/bin/../lib/gcc/arm-none-eabi/12.3.1/../../../../arm-none-eabi/lib/thumb/v7e-m+dp/hard\libc_nano.a(libc_a-findfp.o) (_fwalk_sglue)
C:/ST/STM32CubeIDE_1.16.1/STM32CubeIDE/plugins/com.st.stm32cube.ide.mcu.externaltools.gnu-tools-for-stm32.12.3.rel1.win32_1.0.200.202406191623/tools/bin/../lib/gcc/arm-none-eabi/12.3.1/../../../../arm-none-eabi/lib/thumb/v7e-m+dp/hard\libc_nano.a(libc_a-stdio.o)
[...]
Memory Configuration

Name             Origin             Length             Attributes
ITCMRAM          0x00000000         0x00010000         xrw
DTCMRAM          0x20000000         0x00020000         xrw
FLASH            0x08000000         0x00100000         xr
RAM_D1           0x24000000         0x00050000         xrw
RAM_D2           0x30000000         0x00008000         xrw
RAM_D3           0x38000000         0x00004000         xrw
*default*        0x00000000         0xffffffff

Linker script and memory map

LOAD C:/ST/STM32CubeIDE_1.16.1/STM32CubeIDE/plugins/com.st.stm32cube.ide.mcu.externaltools.gnu-tools-for-stm32.12.3.rel1.win32_1.0.200.202406191623/tools/bin/../lib/gcc/arm-none-eabi/12.3.1/thumb/v7e-m+dp/hard/crti.o
LOAD C:/ST/STM32CubeIDE_1.16.1/STM32CubeIDE/plugins/com.st.stm32cube.ide.mcu.externaltools.gnu-tools-for-stm32.12.3.rel1.win32_1.0.200.202406191623/tools/bin/../lib/gcc/arm-none-eabi/12.3.1/thumb/v7e-m+dp/hard/crtbegin.o
LOAD C:/ST/STM32CubeIDE_1.16.1/STM32CubeIDE/plugins/com.st.stm32cube.ide.mcu.externaltools.gnu-tools-for-stm32.12.3.rel1.win32_1.0.200.202406191623/tools/bin/../lib/gcc/arm-none-eabi/12.3.1/../../../../arm-none-eabi/lib/thumb/v7e-m+dp/hard/crt0.o
LOAD ./Core/Src/main.o
LOAD ./Core/Src/stm32h7xx_hal_msp.o
LOAD ./Core/Src/stm32h7xx_it.o
LOAD ./Core/Src/syscalls.o
LOAD ./Core/Src/sysmem.o
LOAD ./Core/Src/system_stm32h7xx.o
LOAD ./Core/Startup/startup_stm32h723vgtx.o
LOAD ./Drivers/STM32H7xx_HAL_Driver/Src/stm32h7xx_hal.o
LOAD ./Drivers/STM32H7xx_HAL_Driver/Src/stm32h7xx_hal_adc.o
LOAD ./Drivers/STM32H7xx_HAL_Driver/Src/stm32h7xx_hal_adc_ex.o
LOAD ./Drivers/STM32H7xx_HAL_Driver/Src/stm32h7xx_hal_cordic.o
LOAD ./Drivers/STM32H7xx_HAL_Driver/Src/stm32h7xx_hal_cortex.o
LOAD ./Drivers/STM32H7xx_HAL_Driver/Src/stm32h7xx_hal_dac.o
LOAD ./Drivers/STM32H7xx_HAL_Driver/Src/stm32h7xx_hal_dac_ex.o
LOAD ./Drivers/STM32H7xx_HAL_Driver/Src/stm32h7xx_hal_dma.o
LOAD ./Drivers/STM32H7xx_HAL_Driver/Src/stm32h7xx_hal_dma_ex.o
LOAD ./Drivers/STM32H7xx_HAL_Driver/Src/stm32h7xx_hal_exti.o
LOAD ./Drivers/STM32H7xx_HAL_Driver/Src/stm32h7xx_hal_flash.o
LOAD ./Drivers/STM32H7xx_HAL_Driver/Src/stm32h7xx_hal_flash_ex.o
LOAD ./Drivers/STM32H7xx_HAL_Driver/Src/stm32h7xx_hal_fmac.o
LOAD ./Drivers/STM32H7xx_HAL_Driver/Src/stm32h7xx_hal_gpio.o
LOAD ./Drivers/STM32H7xx_HAL_Driver/Src/stm32h7xx_hal_hsem.o
LOAD ./Drivers/STM32H7xx_HAL_Driver/Src/stm32h7xx_hal_i2c.o
LOAD ./Drivers/STM32H7xx_HAL_Driver/Src/stm32h7xx_hal_i2c_ex.o
LOAD ./Drivers/STM32H7xx_HAL_Driver/Src/stm32h7xx_hal_mdma.o
LOAD ./Drivers/STM32H7xx_HAL_Driver/Src/stm32h7xx_hal_pwr.o
LOAD ./Drivers/STM32H7xx_HAL_Driver/Src/stm32h7xx_hal_pwr_ex.o
LOAD ./Drivers/STM32H7xx_HAL_Driver/Src/stm32h7xx_hal_rcc.o
LOAD ./Drivers/STM32H7xx_HAL_Driver/Src/stm32h7xx_hal_rcc_ex.o
LOAD ./Drivers/STM32H7xx_HAL_Driver/Src/stm32h7xx_hal_tim.o
LOAD ./Drivers/STM32H7xx_HAL_Driver/Src/stm32h7xx_hal_tim_ex.o
START GROUP
LOAD C:/ST/STM32CubeIDE_1.16.1/STM32CubeIDE/plugins/com.st.stm32cube.ide.mcu.externaltools.gnu-tools-for-stm32.12.3.rel1.win32_1.0.200.202406191623/tools/bin/../lib/gcc/arm-none-eabi/12.3.1/../../../../arm-none-eabi/lib/thumb/v7e-m+dp/hard\libstdc++_nano.a
LOAD C:/ST/STM32CubeIDE_1.16.1/STM32CubeIDE/plugins/com.st.stm32cube.ide.mcu.externaltools.gnu-tools-for-stm32.12.3.rel1.win32_1.0.200.202406191623/tools/bin/../lib/gcc/arm-none-eabi/12.3.1/../../../../arm-none-eabi/lib/thumb/v7e-m+dp/hard\libsupc++_nano.a
END GROUP
LOAD C:/ST/STM32CubeIDE_1.16.1/STM32CubeIDE/plugins/com.st.stm32cube.ide.mcu.externaltools.gnu-tools-for-stm32.12.3.rel1.win32_1.0.200.202406191623/tools/bin/../lib/gcc/arm-none-eabi/12.3.1/../../../../arm-none-eabi/lib/thumb/v7e-m+dp/hard\libstdc++_nano.a
LOAD C:/ST/STM32CubeIDE_1.16.1/STM32CubeIDE/plugins/com.st.stm32cube.ide.mcu.externaltools.gnu-tools-for-stm32.12.3.rel1.win32_1.0.200.202406191623/tools/bin/../lib/gcc/arm-none-eabi/12.3.1/../../../../arm-none-eabi/lib/thumb/v7e-m+dp/hard\libm.a
LOAD C:/ST/STM32CubeIDE_1.16.1/STM32CubeIDE/plugins/com.st.stm32cube.ide.mcu.externaltools.gnu-tools-for-stm32.12.3.rel1.win32_1.0.200.202406191623/tools/bin/../lib/gcc/arm-none-eabi/12.3.1/../../../../arm-none-eabi/lib/thumb/v7e-m+dp/hard\libc_nano.a
START GROUP
LOAD C:/ST/STM32CubeIDE_1.16.1/STM32CubeIDE/plugins/com.st.stm32cube.ide.mcu.externaltools.gnu-tools-for-stm32.12.3.rel1.win32_1.0.200.202406191623/tools/bin/../lib/gcc/arm-none-eabi/12.3.1/thumb/v7e-m+dp/hard\libgcc.a
LOAD C:/ST/STM32CubeIDE_1.16.1/STM32CubeIDE/plugins/com.st.stm32cube.ide.mcu.externaltools.gnu-tools-for-stm32.12.3.rel1.win32_1.0.200.202406191623/tools/bin/../lib/gcc/arm-none-eabi/12.3.1/../../../../arm-none-eabi/lib/thumb/v7e-m+dp/hard\libc_nano.a
END GROUP
START GROUP
LOAD C:/ST/STM32CubeIDE_1.16.1/STM32CubeIDE/plugins/com.st.stm32cube.ide.mcu.externaltools.gnu-tools-for-stm32.12.3.rel1.win32_1.0.200.202406191623/tools/bin/../lib/gcc/arm-none-eabi/12.3.1/thumb/v7e-m+dp/hard\libgcc.a
LOAD C:/ST/STM32CubeIDE_1.16.1/STM32CubeIDE/plugins/com.st.stm32cube.ide.mcu.externaltools.gnu-tools-for-stm32.12.3.rel1.win32_1.0.200.202406191623/tools/bin/../lib/gcc/arm-none-eabi/12.3.1/../../../../arm-none-eabi/lib/thumb/v7e-m+dp/hard\libc_nano.a
LOAD C:/ST/STM32CubeIDE_1.16.1/STM32CubeIDE/plugins/com.st.stm32cube.ide.mcu.externaltools.gnu-tools-for-stm32.12.3.rel1.win32_1.0.200.202406191623/tools/bin/../lib/gcc/arm-none-eabi/12.3.1/../../../../arm-none-eabi/lib/thumb/v7e-m+dp/hard\libnosys.a
END GROUP
START GROUP
LOAD C:/ST/STM32CubeIDE_1.16.1/STM32CubeIDE/plugins/com.st.stm32cube.ide.mcu.externaltools.gnu-tools-for-stm32.12.3.rel1.win32_1.0.200.202406191623/tools/bin/../lib/gcc/arm-none-eabi/12.3.1/thumb/v7e-m+dp/hard\libgcc.a
LOAD C:/ST/STM32CubeIDE_1.16.1/STM32CubeIDE/plugins/com.st.stm32cube.ide.mcu.externaltools.gnu-tools-for-stm32.12.3.rel1.win32_1.0.200.202406191623/tools/bin/../lib/gcc/arm-none-eabi/12.3.1/../../../../arm-none-eabi/lib/thumb/v7e-m+dp/hard\libc_nano.a
LOAD C:/ST/STM32CubeIDE_1.16.1/STM32CubeIDE/plugins/com.st.stm32cube.ide.mcu.externaltools.gnu-tools-for-stm32.12.3.rel1.win32_1.0.200.202406191623/tools/bin/../lib/gcc/arm-none-eabi/12.3.1/../../../../arm-none-eabi/lib/thumb/v7e-m+dp/hard\libnosys.a
END GROUP
LOAD C:/ST/STM32CubeIDE_1.16.1/STM32CubeIDE/plugins/com.st.stm32cube.ide.mcu.externaltools.gnu-tools-for-stm32.12.3.rel1.win32_1.0.200.202406191623/tools/bin/../lib/gcc/arm-none-eabi/12.3.1/thumb/v7e-m+dp/hard/crtend.o
LOAD C:/ST/STM32CubeIDE_1.16.1/STM32CubeIDE/plugins/com.st.stm32cube.ide.mcu.externaltools.gnu-tools-for-stm32.12.3.rel1.win32_1.0.200.202406191623/tools/bin/../lib/gcc/arm-none-eabi/12.3.1/thumb/v7e-m+dp/hard/crtn.o
                0x24050000                        _estack = (ORIGIN (RAM_D1) + LENGTH (RAM_D1))
                0x00000200                        _Min_Heap_Size = 0x200
                0x00000400                        _Min_Stack_Size = 0x400

.isr_vector     0x08000000      0x2cc
                0x08000000                        . = ALIGN (0x4)
 *(.isr_vector)
 .isr_vector    0x08000000      0x2cc ./Core/Startup/startup_stm32h723vgtx.o
                0x08000000                g_pfnVectors
                0x080002cc                        . = ALIGN (0x4)

.text           0x080002d0     0xa7f0
                0x080002d0                        . = ALIGN (0x4)
 *(.text)
 .text          0x080002d0       0x40 C:/ST/STM32CubeIDE_1.16.1/STM32CubeIDE/plugins/com.st.stm32cube.ide.mcu.externaltools.gnu-tools-for-stm32.12.3.rel1.win32_1.0.200.202406191623/tools/bin/../lib/gcc/arm-none-eabi/12.3.1/thumb/v7e-m+dp/hard/crtbegin.o
 .text          0x08000310      0x378 C:/ST/STM32CubeIDE_1.16.1/STM32CubeIDE/plugins/com.st.stm32cube.ide.mcu.externaltools.gnu-tools-for-stm32.12.3.rel1.win32_1.0.200.202406191623/tools/bin/../lib/gcc/arm-none-eabi/12.3.1/thumb/v7e-m+dp/hard\libgcc.a(_arm_addsubdf3.o)
                0x08000310                __aeabi_drsub
                0x08000318                __aeabi_dsub
                0x08000318                __subdf3
                0x0800031c                __aeabi_dadd
                0x0800031c                __adddf3
                0x08000594                __floatunsidf
                0x08000594                __aeabi_ui2d
                0x080005b4                __floatsidf
                0x080005b4                __aeabi_i2d
                0x080005d8                __aeabi_f2d
                0x080005d8                __extendsfdf2
                0x0800061c                __floatundidf
                0x0800061c                __aeabi_ul2d
                0x0800062c                __floatdidf
                0x0800062c                __aeabi_l2d
 *(.text*)
 .text.ControlLEDs
                0x08000688      0x164 ./Core/Src/main.o
                0x08000688                ControlLEDs
 .text.HAL_TIM_IC_CaptureCallback
                0x080007ec       0x68 ./Core/Src/main.o
                0x080007ec                HAL_TIM_IC_CaptureCallback
 .text.main     0x08000854      0x1b4 ./Core/Src/main.o
                0x08000854                main
 .text.SystemClock_Config
                0x08000a08       0xe0 ./Core/Src/main.o
                0x08000a08                SystemClock_Config
 .text.MX_ADC3_Init
                0x08000ae8       0xe8 ./Core/Src/main.o
 .text.MX_CORDIC_Init
                0x08000bd0       0x28 ./Core/Src/main.o
 .text.MX_DAC1_Init
                0x08000bf8       0x64 ./Core/Src/main.o
 .text.MX_FMAC_Init
                0x08000c5c       0x28 ./Core/Src/main.o
 .text.MX_TIM3_Init
                0x08000c84       0xac ./Core/Src/main.o
 .text.MX_TIM6_Init
                0x08000d30       0x6c ./Core/Src/main.o
 .text.MX_DMA_Init
                0x08000d9c       0x50 ./Core/Src/main.o
 .text.MX_GPIO_Init
                0x08000dec       0x54 ./Core/Src/main.o
 .text.cubicInterpolate
                0x08000e40       0xbc ./Core/Src/main.o
                0x08000e40                cubicInterpolate
 *fill*         0x08000efc        0x4 
 .text.sineCrossfade
                0x08000f00       0x50 ./Core/Src/main.o
                0x08000f00                sineCrossfade
 .text.Do_PitchShift
                0x08000f50      0x3f4 ./Core/Src/main.o
                0x08000f50                Do_PitchShift
 .text.HAL_ADC_ConvHalfCpltCallback
                0x08001344       0x48 ./Core/Src/main.o
                0x08001344                HAL_ADC_ConvHalfCpltCallback
 .text.HAL_ADC_ConvCpltCallback
                0x0800138c       0x4c ./Core/Src/main.o
                0x0800138c                HAL_ADC_ConvCpltCallback
 .text.Error_Handler
                0x080013d8        0xc ./Core/Src/main.o
                0x080013d8                Error_Handler
 .text.HAL_MspInit
                0x080013e4       0x60 ./Core/Src/stm32h7xx_hal_msp.o
                0x080013e4                HAL_MspInit
 .text.HAL_ADC_MspInit
                0x08001444      0x150 ./Core/Src/stm32h7xx_hal_msp.o
                0x08001444                HAL_ADC_MspInit
 .text.HAL_CORDIC_MspInit
                0x08001594       0x44 ./Core/Src/stm32h7xx_hal_msp.o
                0x08001594                HAL_CORDIC_MspInit
 .text.HAL_DAC_MspInit
                0x080015d8       0xf4 ./Core/Src/stm32h7xx_hal_msp.o
                0x080015d8                HAL_DAC_MspInit
 .text.HAL_FMAC_MspInit
                0x080016cc       0x44 ./Core/Src/stm32h7xx_hal_msp.o
                0x080016cc                HAL_FMAC_MspInit
 .text.HAL_TIM_Encoder_MspInit
                0x08001710       0xa4 ./Core/Src/stm32h7xx_hal_msp.o
                0x08001710                HAL_TIM_Encoder_MspInit
 .text.HAL_TIM_Base_MspInit
                0x080017b4       0x44 ./Core/Src/stm32h7xx_hal_msp.o
                0x080017b4                HAL_TIM_Base_MspInit
 .text.NMI_Handler
                0x080017f8        0x8 ./Core/Src/stm32h7xx_it.o
                0x080017f8                NMI_Handler
 .text.HardFault_Handler
                0x08001800        0x8 ./Core/Src/stm32h7xx_it.o
                0x08001800                HardFault_Handler
 .text.MemManage_Handler
                0x08001808        0x8 ./Core/Src/stm32h7xx_it.o
                0x08001808                MemManage_Handler
 .text.BusFault_Handler
                0x08001810        0x8 ./Core/Src/stm32h7xx_it.o
                0x08001810                BusFault_Handler
 .text.UsageFault_Handler
                0x08001818        0x8 ./Core/Src/stm32h7xx_it.o
                0x08001818                UsageFault_Handler
 .text.SVC_Handler
                0x08001820        0xe ./Core/Src/stm32h7xx_it.o
                0x08001820                SVC_Handler
 .text.DebugMon_Handler
                0x0800182e        0xe ./Core/Src/stm32h7xx_it.o
                0x0800182e                DebugMon_Handler
 .text.PendSV_Handler
                0x0800183c        0xe ./Core/Src/stm32h7xx_it.o
                0x0800183c                PendSV_Handler
 *fill*         0x0800184a        0x2 
 .text.SysTick_Handler
                0x0800184c       0x50 ./Core/Src/stm32h7xx_it.o
                0x0800184c                SysTick_Handler
 .text.DMA1_Stream0_IRQHandler
                0x0800189c       0x14 ./Core/Src/stm32h7xx_it.o
                0x0800189c                DMA1_Stream0_IRQHandler
 .text.DMA1_Stream1_IRQHandler
                0x080018b0       0x14 ./Core/Src/stm32h7xx_it.o
                0x080018b0                DMA1_Stream1_IRQHandler
 .text.TIM3_IRQHandler
                0x080018c4       0x14 ./Core/Src/stm32h7xx_it.o
                0x080018c4                TIM3_IRQHandler
 .text.SystemInit
                0x080018d8       0xf0 ./Core/Src/system_stm32h7xx.o
                0x080018d8                SystemInit
 .text.Reset_Handler
                0x080019c8       0x50 ./Core/Startup/startup_stm32h723vgtx.o
                0x080019c8                Reset_Handler
 .text.Default_Handler
                0x08001a18        0x2 ./Core/Startup/startup_stm32h723vgtx.o
                0x08001a18                RTC_Alarm_IRQHandler
                0x08001a18                EXTI2_IRQHandler
                0x08001a18                TIM8_CC_IRQHandler
                0x08001a18                UART8_IRQHandler
                0x08001a18                SPI4_IRQHandler
                0x08001a18                FDCAN3_IT0_IRQHandler
                0x08001a18                TIM1_CC_IRQHandler
                0x08001a18                BDMA_Channel6_IRQHandler
                0x08001a18                DMA2_Stream5_IRQHandler
                0x08001a18                DMA1_Stream5_IRQHandler
                0x08001a18                CORDIC_IRQHandler
                0x08001a18                BDMA_Channel1_IRQHandler
                0x08001a18                TAMP_STAMP_IRQHandler
                0x08001a18                EXTI3_IRQHandler
                0x08001a18                LPTIM4_IRQHandler
                0x08001a18                TIM8_TRG_COM_TIM14_IRQHandler
                0x08001a18                LPTIM2_IRQHandler
                0x08001a18                DFSDM1_FLT1_IRQHandler
                0x08001a18                DMAMUX2_OVR_IRQHandler
                0x08001a18                TIM8_UP_TIM13_IRQHandler
                0x08001a18                I2C3_ER_IRQHandler
                0x08001a18                DFSDM1_FLT2_IRQHandler
                0x08001a18                I2C5_EV_IRQHandler
                0x08001a18                USART10_IRQHandler
                0x08001a18                MDMA_IRQHandler
                0x08001a18                LPTIM3_IRQHandler
                0x08001a18                HSEM1_IRQHandler
                0x08001a18                EXTI0_IRQHandler
                0x08001a18                I2C2_EV_IRQHandler
                0x08001a18                DMA1_Stream2_IRQHandler
                0x08001a18                FPU_IRQHandler
                0x08001a18                OTG_HS_WKUP_IRQHandler
                0x08001a18                FDCAN1_IT1_IRQHandler
                0x08001a18                LTDC_ER_IRQHandler
                0x08001a18                DMA2_Stream2_IRQHandler
                0x08001a18                SPI1_IRQHandler
                0x08001a18                OCTOSPI1_IRQHandler
                0x08001a18                TIM6_DAC_IRQHandler
                0x08001a18                DMA2_Stream3_IRQHandler
                0x08001a18                OCTOSPI2_IRQHandler
                0x08001a18                DFSDM1_FLT3_IRQHandler
                0x08001a18                TIM23_IRQHandler
                0x08001a18                USART6_IRQHandler
                0x08001a18                TIM17_IRQHandler
                0x08001a18                USART3_IRQHandler
                0x08001a18                BDMA_Channel7_IRQHandler
                0x08001a18                LPTIM5_IRQHandler
                0x08001a18                UART5_IRQHandler
                0x08001a18                ADC3_IRQHandler
                0x08001a18                DMA2_Stream0_IRQHandler
                0x08001a18                TIM4_IRQHandler
                0x08001a18                BDMA_Channel2_IRQHandler
                0x08001a18                I2C1_EV_IRQHandler
                0x08001a18                DMA1_Stream6_IRQHandler
                0x08001a18                DMAMUX1_OVR_IRQHandler
                0x08001a18                TIM16_IRQHandler
                0x08001a18                UART4_IRQHandler
                0x08001a18                BDMA_Channel5_IRQHandler
                0x08001a18                RCC_IRQHandler
                0x08001a18                UART9_IRQHandler
                0x08001a18                TIM8_BRK_TIM12_IRQHandler
                0x08001a18                TIM1_TRG_COM_IRQHandler
                0x08001a18                Default_Handler
                0x08001a18                ECC_IRQHandler
                0x08001a18                FMAC_IRQHandler
                0x08001a18                CEC_IRQHandler
                0x08001a18                EXTI15_10_IRQHandler
                0x08001a18                BDMA_Channel0_IRQHandler
                0x08001a18                ADC_IRQHandler
                0x08001a18                I2C5_ER_IRQHandler
                0x08001a18                DMA1_Stream7_IRQHandler
                0x08001a18                SPI5_IRQHandler
                0x08001a18                TIM7_IRQHandler
                0x08001a18                FDCAN3_IT1_IRQHandler
                0x08001a18                SDMMC1_IRQHandler
                0x08001a18                TIM5_IRQHandler
                0x08001a18                DMA2_Stream7_IRQHandler
                0x08001a18                TIM15_IRQHandler
                0x08001a18                PVD_AVD_IRQHandler
                0x08001a18                I2C3_EV_IRQHandler
                0x08001a18                EXTI9_5_IRQHandler
                0x08001a18                RTC_WKUP_IRQHandler
                0x08001a18                LTDC_IRQHandler
                0x08001a18                ETH_WKUP_IRQHandler
                0x08001a18                SPDIF_RX_IRQHandler
                0x08001a18                SPI2_IRQHandler
                0x08001a18                OTG_HS_EP1_IN_IRQHandler
                0x08001a18                TIM24_IRQHandler
                0x08001a18                CRS_IRQHandler
                0x08001a18                EXTI4_IRQHandler
                0x08001a18                RNG_IRQHandler
                0x08001a18                FDCAN2_IT1_IRQHandler
                0x08001a18                ETH_IRQHandler
                0x08001a18                TIM1_UP_IRQHandler
                0x08001a18                BDMA_Channel4_IRQHandler
                0x08001a18                OTG_HS_EP1_OUT_IRQHandler
                0x08001a18                WWDG_IRQHandler
                0x08001a18                SPI6_IRQHandler
                0x08001a18                MDIOS_IRQHandler
                0x08001a18                I2C4_EV_IRQHandler
                0x08001a18                FDCAN2_IT0_IRQHandler
                0x08001a18                LPUART1_IRQHandler
                0x08001a18                FDCAN1_IT0_IRQHandler
                0x08001a18                TIM2_IRQHandler
                0x08001a18                OTG_HS_IRQHandler
                0x08001a18                DMA2D_IRQHandler
                0x08001a18                TIM1_BRK_IRQHandler
                0x08001a18                EXTI1_IRQHandler
                0x08001a18                SDMMC2_IRQHandler
                0x08001a18                BDMA_Channel3_IRQHandler
                0x08001a18                DTS_IRQHandler
                0x08001a18                UART7_IRQHandler
                0x08001a18                MDIOS_WKUP_IRQHandler
                0x08001a18                USART2_IRQHandler
                0x08001a18                DFSDM1_FLT0_IRQHandler
                0x08001a18                SAI4_IRQHandler
                0x08001a18                I2C2_ER_IRQHandler
                0x08001a18                DMA2_Stream1_IRQHandler
                0x08001a18                FLASH_IRQHandler
                0x08001a18                DMA2_Stream4_IRQHandler
                0x08001a18                USART1_IRQHandler
                0x08001a18                SPI3_IRQHandler
                0x08001a18                WAKEUP_PIN_IRQHandler
                0x08001a18                DMA1_Stream4_IRQHandler
                0x08001a18                I2C1_ER_IRQHandler
                0x08001a18                FMC_IRQHandler
                0x08001a18                FDCAN_CAL_IRQHandler
                0x08001a18                SWPMI1_IRQHandler
                0x08001a18                COMP1_IRQHandler
                0x08001a18                LPTIM1_IRQHandler
                0x08001a18                DCMI_PSSI_IRQHandler
                0x08001a18                I2C4_ER_IRQHandler
                0x08001a18                DMA2_Stream6_IRQHandler
                0x08001a18                SAI1_IRQHandler
                0x08001a18                DMA1_Stream3_IRQHandler
 *fill*         0x08001a1a        0x2 
 .text.HAL_Init
                0x08001a1c       0x78 ./Drivers/STM32H7xx_HAL_Driver/Src/stm32h7xx_hal.o
                0x08001a1c                HAL_Init
 .text.HAL_InitTick
                0x08001a94       0x6c ./Drivers/STM32H7xx_HAL_Driver/Src/stm32h7xx_hal.o
                0x08001a94                HAL_InitTick
 .text.HAL_IncTick
                0x08001b00       0x28 ./Drivers/STM32H7xx_HAL_Driver/Src/stm32h7xx_hal.o
                0x08001b00                HAL_IncTick
 .text.HAL_GetTick
                0x08001b28       0x18 ./Drivers/STM32H7xx_HAL_Driver/Src/stm32h7xx_hal.o
                0x08001b28                HAL_GetTick
 .text.HAL_SYSCFG_VREFBUF_VoltageScalingConfig
                0x08001b40       0x28 ./Drivers/STM32H7xx_HAL_Driver/Src/stm32h7xx_hal.o
                0x08001b40                HAL_SYSCFG_VREFBUF_VoltageScalingConfig
 .text.HAL_SYSCFG_VREFBUF_HighImpedanceConfig
                0x08001b68       0x28 ./Drivers/STM32H7xx_HAL_Driver/Src/stm32h7xx_hal.o
                0x08001b68                HAL_SYSCFG_VREFBUF_HighImpedanceConfig
 .text.HAL_SYSCFG_EnableVREFBUF
                0x08001b90       0x48 ./Drivers/STM32H7xx_HAL_Driver/Src/stm32h7xx_hal.o
                0x08001b90                HAL_SYSCFG_EnableVREFBUF
 .text.LL_ADC_SetCommonClock
                0x08001bd8       0x26 ./Drivers/STM32H7xx_HAL_Driver/Src/stm32h7xx_hal_adc.o
 .text.LL_ADC_SetCommonPathInternalCh
                0x08001bfe       0x26 ./Drivers/STM32H7xx_HAL_Driver/Src/stm32h7xx_hal_adc.o
 .text.LL_ADC_GetCommonPathInternalCh
                0x08001c24       0x1c ./Drivers/STM32H7xx_HAL_Driver/Src/stm32h7xx_hal_adc.o
 .text.LL_ADC_SetOffset
                0x08001c40       0x64 ./Drivers/STM32H7xx_HAL_Driver/Src/stm32h7xx_hal_adc.o
 .text.LL_ADC_GetOffsetChannel
                0x08001ca4       0x2c ./Drivers/STM32H7xx_HAL_Driver/Src/stm32h7xx_hal_adc.o
 .text.LL_ADC_SetDataRightShift
                0x08001cd0       0x32 ./Drivers/STM32H7xx_HAL_Driver/Src/stm32h7xx_hal_adc.o
 *fill*         0x08001d02        0x2 
 .text.LL_ADC_SetOffsetSignedSaturation
                0x08001d04       0x44 ./Drivers/STM32H7xx_HAL_Driver/Src/stm32h7xx_hal_adc.o
 .text.LL_ADC_SetOffsetSaturation
                0x08001d48       0x44 ./Drivers/STM32H7xx_HAL_Driver/Src/stm32h7xx_hal_adc.o
 .text.LL_ADC_SetOffsetSign
                0x08001d8c       0x44 ./Drivers/STM32H7xx_HAL_Driver/Src/stm32h7xx_hal_adc.o
 .text.LL_ADC_SetOffsetState
                0x08001dd0       0x54 ./Drivers/STM32H7xx_HAL_Driver/Src/stm32h7xx_hal_adc.o
 .text.LL_ADC_REG_IsTriggerSourceSWStart
                0x08001e24       0x26 ./Drivers/STM32H7xx_HAL_Driver/Src/stm32h7xx_hal_adc.o
 .text.LL_ADC_REG_SetSequencerRanks
                0x08001e4a       0x58 ./Drivers/STM32H7xx_HAL_Driver/Src/stm32h7xx_hal_adc.o
 .text.LL_ADC_REG_SetDataTransferMode
                0x08001ea2       0x26 ./Drivers/STM32H7xx_HAL_Driver/Src/stm32h7xx_hal_adc.o
 .text.LL_ADC_EnableDMAReq
                0x08001ec8       0x20 ./Drivers/STM32H7xx_HAL_Driver/Src/stm32h7xx_hal_adc.o
 .text.LL_ADC_REG_SetDMATransferMode
                0x08001ee8       0x34 ./Drivers/STM32H7xx_HAL_Driver/Src/stm32h7xx_hal_adc.o
 .text.LL_ADC_SetChannelSamplingTime
                0x08001f1c       0x56 ./Drivers/STM32H7xx_HAL_Driver/Src/stm32h7xx_hal_adc.o
 *fill*         0x08001f72        0x2 
 .text.LL_ADC_SetChannelSingleDiff
                0x08001f74       0x80 ./Drivers/STM32H7xx_HAL_Driver/Src/stm32h7xx_hal_adc.o
 .text.LL_ADC_GetMultimode
                0x08001ff4       0x1c ./Drivers/STM32H7xx_HAL_Driver/Src/stm32h7xx_hal_adc.o
 .text.LL_ADC_DisableDeepPowerDown
                0x08002010       0x24 ./Drivers/STM32H7xx_HAL_Driver/Src/stm32h7xx_hal_adc.o
 .text.LL_ADC_IsDeepPowerDownEnabled
                0x08002034       0x28 ./Drivers/STM32H7xx_HAL_Driver/Src/stm32h7xx_hal_adc.o
 .text.LL_ADC_EnableInternalRegulator
                0x0800205c       0x28 ./Drivers/STM32H7xx_HAL_Driver/Src/stm32h7xx_hal_adc.o
 .text.LL_ADC_IsInternalRegulatorEnabled
                0x08002084       0x28 ./Drivers/STM32H7xx_HAL_Driver/Src/stm32h7xx_hal_adc.o
 .text.LL_ADC_Enable
                0x080020ac       0x28 ./Drivers/STM32H7xx_HAL_Driver/Src/stm32h7xx_hal_adc.o
 .text.LL_ADC_IsEnabled
                0x080020d4       0x26 ./Drivers/STM32H7xx_HAL_Driver/Src/stm32h7xx_hal_adc.o
 *fill*         0x080020fa        0x2 
 .text.LL_ADC_REG_StartConversion
                0x080020fc       0x28 ./Drivers/STM32H7xx_HAL_Driver/Src/stm32h7xx_hal_adc.o
 .text.LL_ADC_REG_IsConversionOngoing
                0x08002124       0x26 ./Drivers/STM32H7xx_HAL_Driver/Src/stm32h7xx_hal_adc.o
 .text.LL_ADC_INJ_IsConversionOngoing
                0x0800214a       0x26 ./Drivers/STM32H7xx_HAL_Driver/Src/stm32h7xx_hal_adc.o
 .text.HAL_ADC_Init
                0x08002170      0x410 ./Drivers/STM32H7xx_HAL_Driver/Src/stm32h7xx_hal_adc.o
                0x08002170                HAL_ADC_Init
 .text.HAL_ADC_Start_DMA
                0x08002580      0x1b8 ./Drivers/STM32H7xx_HAL_Driver/Src/stm32h7xx_hal_adc.o
                0x08002580                HAL_ADC_Start_DMA
 .text.HAL_ADC_ErrorCallback
                0x08002738       0x14 ./Drivers/STM32H7xx_HAL_Driver/Src/stm32h7xx_hal_adc.o
                0x08002738                HAL_ADC_ErrorCallback
 .text.HAL_ADC_ConfigChannel
                0x0800274c      0xa60 ./Drivers/STM32H7xx_HAL_Driver/Src/stm32h7xx_hal_adc.o
                0x0800274c                HAL_ADC_ConfigChannel
 .text.ADC_Enable
                0x080031ac      0x114 ./Drivers/STM32H7xx_HAL_Driver/Src/stm32h7xx_hal_adc.o
                0x080031ac                ADC_Enable
 .text.ADC_DMAConvCplt
                0x080032c0       0xd8 ./Drivers/STM32H7xx_HAL_Driver/Src/stm32h7xx_hal_adc.o
                0x080032c0                ADC_DMAConvCplt
 .text.ADC_DMAHalfConvCplt
                0x08003398       0x1c ./Drivers/STM32H7xx_HAL_Driver/Src/stm32h7xx_hal_adc.o
                0x08003398                ADC_DMAHalfConvCplt
 .text.ADC_DMAError
                0x080033b4       0x34 ./Drivers/STM32H7xx_HAL_Driver/Src/stm32h7xx_hal_adc.o
                0x080033b4                ADC_DMAError
 .text.ADC_ConfigureBoostMode
                0x080033e8      0x1dc ./Drivers/STM32H7xx_HAL_Driver/Src/stm32h7xx_hal_adc.o
                0x080033e8                ADC_ConfigureBoostMode
 .text.HAL_CORDIC_Init
                0x080035c4       0x62 ./Drivers/STM32H7xx_HAL_Driver/Src/stm32h7xx_hal_cordic.o
                0x080035c4                HAL_CORDIC_Init
 *fill*         0x08003626        0x2 
 .text.__NVIC_SetPriorityGrouping
                0x08003628       0x48 ./Drivers/STM32H7xx_HAL_Driver/Src/stm32h7xx_hal_cortex.o
 .text.__NVIC_GetPriorityGrouping
                0x08003670       0x1c ./Drivers/STM32H7xx_HAL_Driver/Src/stm32h7xx_hal_cortex.o
 .text.__NVIC_EnableIRQ
                0x0800368c       0x3c ./Drivers/STM32H7xx_HAL_Driver/Src/stm32h7xx_hal_cortex.o
 .text.__NVIC_SetPriority
                0x080036c8       0x54 ./Drivers/STM32H7xx_HAL_Driver/Src/stm32h7xx_hal_cortex.o
 .text.NVIC_EncodePriority
                0x0800371c       0x66 ./Drivers/STM32H7xx_HAL_Driver/Src/stm32h7xx_hal_cortex.o
 *fill*         0x08003782        0x2 
 .text.SysTick_Config
                0x08003784       0x44 ./Drivers/STM32H7xx_HAL_Driver/Src/stm32h7xx_hal_cortex.o
 .text.HAL_NVIC_SetPriorityGrouping
                0x080037c8       0x16 ./Drivers/STM32H7xx_HAL_Driver/Src/stm32h7xx_hal_cortex.o
                0x080037c8                HAL_NVIC_SetPriorityGrouping
 .text.HAL_NVIC_SetPriority
                0x080037de       0x34 ./Drivers/STM32H7xx_HAL_Driver/Src/stm32h7xx_hal_cortex.o
                0x080037de                HAL_NVIC_SetPriority
 .text.HAL_NVIC_EnableIRQ
                0x08003812       0x1c ./Drivers/STM32H7xx_HAL_Driver/Src/stm32h7xx_hal_cortex.o
                0x08003812                HAL_NVIC_EnableIRQ
 .text.HAL_SYSTICK_Config
                0x0800382e       0x18 ./Drivers/STM32H7xx_HAL_Driver/Src/stm32h7xx_hal_cortex.o
                0x0800382e                HAL_SYSTICK_Config
 .text.HAL_DAC_Init
                0x08003846       0x44 ./Drivers/STM32H7xx_HAL_Driver/Src/stm32h7xx_hal_dac.o
                0x08003846                HAL_DAC_Init
 *fill*         0x0800388a        0x2 
 .text.HAL_DAC_Start_DMA
                0x0800388c      0x180 ./Drivers/STM32H7xx_HAL_Driver/Src/stm32h7xx_hal_dac.o
                0x0800388c                HAL_DAC_Start_DMA
 .text.HAL_DAC_ConvCpltCallbackCh1
                0x08003a0c       0x14 ./Drivers/STM32H7xx_HAL_Driver/Src/stm32h7xx_hal_dac.o
                0x08003a0c                HAL_DAC_ConvCpltCallbackCh1
 .text.HAL_DAC_ConvHalfCpltCallbackCh1
                0x08003a20       0x14 ./Drivers/STM32H7xx_HAL_Driver/Src/stm32h7xx_hal_dac.o
                0x08003a20                HAL_DAC_ConvHalfCpltCallbackCh1
 .text.HAL_DAC_ErrorCallbackCh1
                0x08003a34       0x14 ./Drivers/STM32H7xx_HAL_Driver/Src/stm32h7xx_hal_dac.o
                0x08003a34                HAL_DAC_ErrorCallbackCh1
 .text.HAL_DAC_ConfigChannel
                0x08003a48      0x284 ./Drivers/STM32H7xx_HAL_Driver/Src/stm32h7xx_hal_dac.o
                0x08003a48                HAL_DAC_ConfigChannel
 .text.DAC_DMAConvCpltCh1
                0x08003ccc       0x22 ./Drivers/STM32H7xx_HAL_Driver/Src/stm32h7xx_hal_dac.o
                0x08003ccc                DAC_DMAConvCpltCh1
 .text.DAC_DMAHalfConvCpltCh1
                0x08003cee       0x1c ./Drivers/STM32H7xx_HAL_Driver/Src/stm32h7xx_hal_dac.o
                0x08003cee                DAC_DMAHalfConvCpltCh1
 .text.DAC_DMAErrorCh1
                0x08003d0a       0x2e ./Drivers/STM32H7xx_HAL_Driver/Src/stm32h7xx_hal_dac.o
                0x08003d0a                DAC_DMAErrorCh1
 .text.HAL_DACEx_ConvCpltCallbackCh2
                0x08003d38       0x14 ./Drivers/STM32H7xx_HAL_Driver/Src/stm32h7xx_hal_dac_ex.o
                0x08003d38                HAL_DACEx_ConvCpltCallbackCh2
 .text.HAL_DACEx_ConvHalfCpltCallbackCh2
                0x08003d4c       0x14 ./Drivers/STM32H7xx_HAL_Driver/Src/stm32h7xx_hal_dac_ex.o
                0x08003d4c                HAL_DACEx_ConvHalfCpltCallbackCh2
 .text.HAL_DACEx_ErrorCallbackCh2
                0x08003d60       0x14 ./Drivers/STM32H7xx_HAL_Driver/Src/stm32h7xx_hal_dac_ex.o
                0x08003d60                HAL_DACEx_ErrorCallbackCh2
 .text.DAC_DMAConvCpltCh2
                0x08003d74       0x22 ./Drivers/STM32H7xx_HAL_Driver/Src/stm32h7xx_hal_dac_ex.o
                0x08003d74                DAC_DMAConvCpltCh2
 .text.DAC_DMAHalfConvCpltCh2
                0x08003d96       0x1c ./Drivers/STM32H7xx_HAL_Driver/Src/stm32h7xx_hal_dac_ex.o
                0x08003d96                DAC_DMAHalfConvCpltCh2
 .text.DAC_DMAErrorCh2
                0x08003db2       0x2e ./Drivers/STM32H7xx_HAL_Driver/Src/stm32h7xx_hal_dac_ex.o
                0x08003db2                DAC_DMAErrorCh2
 .text.HAL_DMA_Init
                0x08003de0      0x6b0 ./Drivers/STM32H7xx_HAL_Driver/Src/stm32h7xx_hal_dma.o
                0x08003de0                HAL_DMA_Init
 .text.HAL_DMA_Start_IT
                0x08004490      0x4d4 ./Drivers/STM32H7xx_HAL_Driver/Src/stm32h7xx_hal_dma.o
                0x08004490                HAL_DMA_Start_IT
 .text.HAL_DMA_IRQHandler
                0x08004964      0xe54 ./Drivers/STM32H7xx_HAL_Driver/Src/stm32h7xx_hal_dma.o
                0x08004964                HAL_DMA_IRQHandler
 .text.DMA_SetConfig
                0x080057b8      0x358 ./Drivers/STM32H7xx_HAL_Driver/Src/stm32h7xx_hal_dma.o
 .text.DMA_CalcBaseAndBitshift
                0x08005b10      0x164 ./Drivers/STM32H7xx_HAL_Driver/Src/stm32h7xx_hal_dma.o
 .text.DMA_CheckFifoParam
                0x08005c74       0xf8 ./Drivers/STM32H7xx_HAL_Driver/Src/stm32h7xx_hal_dma.o
 .text.DMA_CalcDMAMUXChannelBaseAndMask
                0x08005d6c      0x134 ./Drivers/STM32H7xx_HAL_Driver/Src/stm32h7xx_hal_dma.o
 .text.DMA_CalcDMAMUXRequestGenBaseAndMask
                0x08005ea0       0xe8 ./Drivers/STM32H7xx_HAL_Driver/Src/stm32h7xx_hal_dma.o
 .text.HAL_FMAC_Init
                0x08005f88       0x82 ./Drivers/STM32H7xx_HAL_Driver/Src/stm32h7xx_hal_fmac.o
                0x08005f88                HAL_FMAC_Init
 .text.FMAC_Reset
                0x0800600a       0x5e ./Drivers/STM32H7xx_HAL_Driver/Src/stm32h7xx_hal_fmac.o
 .text.FMAC_ResetDataPointers
                0x08006068       0x1c ./Drivers/STM32H7xx_HAL_Driver/Src/stm32h7xx_hal_fmac.o
 .text.FMAC_ResetInputStateAndDataPointers
                0x08006084       0x2e ./Drivers/STM32H7xx_HAL_Driver/Src/stm32h7xx_hal_fmac.o
 .text.FMAC_ResetOutputStateAndDataPointers
                0x080060b2       0x2e ./Drivers/STM32H7xx_HAL_Driver/Src/stm32h7xx_hal_fmac.o
 .text.HAL_GPIO_Init
                0x080060e0      0x350 ./Drivers/STM32H7xx_HAL_Driver/Src/stm32h7xx_hal_gpio.o
                0x080060e0                HAL_GPIO_Init
 .text.HAL_GPIO_WritePin
                0x08006430       0x32 ./Drivers/STM32H7xx_HAL_Driver/Src/stm32h7xx_hal_gpio.o
                0x08006430                HAL_GPIO_WritePin
 *fill*         0x08006462        0x2 
 .text.HAL_PWREx_ConfigSupply
                0x08006464       0x74 ./Drivers/STM32H7xx_HAL_Driver/Src/stm32h7xx_hal_pwr_ex.o
                0x08006464                HAL_PWREx_ConfigSupply
 .text.HAL_RCC_OscConfig
                0x080064d8      0x7b4 ./Drivers/STM32H7xx_HAL_Driver/Src/stm32h7xx_hal_rcc.o
                0x080064d8                HAL_RCC_OscConfig
 .text.HAL_RCC_ClockConfig
                0x08006c8c      0x36c ./Drivers/STM32H7xx_HAL_Driver/Src/stm32h7xx_hal_rcc.o
                0x08006c8c                HAL_RCC_ClockConfig
 .text.HAL_RCC_GetSysClockFreq
                0x08006ff8      0x2f4 ./Drivers/STM32H7xx_HAL_Driver/Src/stm32h7xx_hal_rcc.o
                0x08006ff8                HAL_RCC_GetSysClockFreq
 .text.HAL_RCC_GetHCLKFreq
                0x080072ec       0x60 ./Drivers/STM32H7xx_HAL_Driver/Src/stm32h7xx_hal_rcc.o
                0x080072ec                HAL_RCC_GetHCLKFreq
 .text.HAL_RCC_GetPCLK1Freq
                0x0800734c       0x2c ./Drivers/STM32H7xx_HAL_Driver/Src/stm32h7xx_hal_rcc.o
                0x0800734c                HAL_RCC_GetPCLK1Freq
 .text.HAL_RCCEx_PeriphCLKConfig
                0x08007378     0x1340 ./Drivers/STM32H7xx_HAL_Driver/Src/stm32h7xx_hal_rcc_ex.o
                0x08007378                HAL_RCCEx_PeriphCLKConfig
 .text.HAL_RCCEx_GetPeriphCLKFreq
                0x080086b8      0x9a4 ./Drivers/STM32H7xx_HAL_Driver/Src/stm32h7xx_hal_rcc_ex.o
                0x080086b8                HAL_RCCEx_GetPeriphCLKFreq
 .text.HAL_RCCEx_GetD3PCLK1Freq
                0x0800905c       0x2c ./Drivers/STM32H7xx_HAL_Driver/Src/stm32h7xx_hal_rcc_ex.o
                0x0800905c                HAL_RCCEx_GetD3PCLK1Freq
 .text.HAL_RCCEx_GetPLL2ClockFreq
                0x08009088      0x2a8 ./Drivers/STM32H7xx_HAL_Driver/Src/stm32h7xx_hal_rcc_ex.o
                0x08009088                HAL_RCCEx_GetPLL2ClockFreq
 .text.HAL_RCCEx_GetPLL3ClockFreq
                0x08009330      0x2a8 ./Drivers/STM32H7xx_HAL_Driver/Src/stm32h7xx_hal_rcc_ex.o
                0x08009330                HAL_RCCEx_GetPLL3ClockFreq
 .text.HAL_RCCEx_GetPLL1ClockFreq
                0x080095d8      0x2a4 ./Drivers/STM32H7xx_HAL_Driver/Src/stm32h7xx_hal_rcc_ex.o
                0x080095d8                HAL_RCCEx_GetPLL1ClockFreq
 .text.RCCEx_PLL2_Config
                0x0800987c      0x164 ./Drivers/STM32H7xx_HAL_Driver/Src/stm32h7xx_hal_rcc_ex.o
 .text.RCCEx_PLL3_Config
                0x080099e0      0x164 ./Drivers/STM32H7xx_HAL_Driver/Src/stm32h7xx_hal_rcc_ex.o
 .text.HAL_TIM_Base_Init
                0x08009b44       0xae ./Drivers/STM32H7xx_HAL_Driver/Src/stm32h7xx_hal_tim.o
                0x08009b44                HAL_TIM_Base_Init
 *fill*         0x08009bf2        0x2 
 .text.HAL_TIM_Base_Start
                0x08009bf4       0xfc ./Drivers/STM32H7xx_HAL_Driver/Src/stm32h7xx_hal_tim.o
                0x08009bf4                HAL_TIM_Base_Start
 .text.HAL_TIM_Encoder_Init
                0x08009cf0      0x14c ./Drivers/STM32H7xx_HAL_Driver/Src/stm32h7xx_hal_tim.o
                0x08009cf0                HAL_TIM_Encoder_Init
 .text.HAL_TIM_Encoder_Start_IT
                0x08009e3c      0x15c ./Drivers/STM32H7xx_HAL_Driver/Src/stm32h7xx_hal_tim.o
                0x08009e3c                HAL_TIM_Encoder_Start_IT
 .text.HAL_TIM_IRQHandler
                0x08009f98      0x20e ./Drivers/STM32H7xx_HAL_Driver/Src/stm32h7xx_hal_tim.o
                0x08009f98                HAL_TIM_IRQHandler
 .text.HAL_TIM_PeriodElapsedCallback
                0x0800a1a6       0x14 ./Drivers/STM32H7xx_HAL_Driver/Src/stm32h7xx_hal_tim.o
                0x0800a1a6                HAL_TIM_PeriodElapsedCallback
 .text.HAL_TIM_OC_DelayElapsedCallback
                0x0800a1ba       0x14 ./Drivers/STM32H7xx_HAL_Driver/Src/stm32h7xx_hal_tim.o
                0x0800a1ba                HAL_TIM_OC_DelayElapsedCallback
 .text.HAL_TIM_PWM_PulseFinishedCallback
                0x0800a1ce       0x14 ./Drivers/STM32H7xx_HAL_Driver/Src/stm32h7xx_hal_tim.o
                0x0800a1ce                HAL_TIM_PWM_PulseFinishedCallback
 .text.HAL_TIM_TriggerCallback
                0x0800a1e2       0x14 ./Drivers/STM32H7xx_HAL_Driver/Src/stm32h7xx_hal_tim.o
                0x0800a1e2                HAL_TIM_TriggerCallback
 *fill*         0x0800a1f6        0x2 
 .text.TIM_Base_SetConfig
                0x0800a1f8      0x164 ./Drivers/STM32H7xx_HAL_Driver/Src/stm32h7xx_hal_tim.o
                0x0800a1f8                TIM_Base_SetConfig
 .text.TIM_CCxChannelCmd
                0x0800a35c       0x4a ./Drivers/STM32H7xx_HAL_Driver/Src/stm32h7xx_hal_tim.o
                0x0800a35c                TIM_CCxChannelCmd
 *fill*         0x0800a3a6        0x2 
 .text.HAL_TIMEx_MasterConfigSynchronization
                0x0800a3a8      0x138 ./Drivers/STM32H7xx_HAL_Driver/Src/stm32h7xx_hal_tim_ex.o
                0x0800a3a8                HAL_TIMEx_MasterConfigSynchronization
 .text.HAL_TIMEx_CommutCallback
                0x0800a4e0       0x14 ./Drivers/STM32H7xx_HAL_Driver/Src/stm32h7xx_hal_tim_ex.o
                0x0800a4e0                HAL_TIMEx_CommutCallback
 .text.HAL_TIMEx_BreakCallback
                0x0800a4f4       0x14 ./Drivers/STM32H7xx_HAL_Driver/Src/stm32h7xx_hal_tim_ex.o
                0x0800a4f4                HAL_TIMEx_BreakCallback
 .text.HAL_TIMEx_Break2Callback
                0x0800a508       0x14 ./Drivers/STM32H7xx_HAL_Driver/Src/stm32h7xx_hal_tim_ex.o
                0x0800a508                HAL_TIMEx_Break2Callback
 .text.checkint
                0x0800a51c       0x2e C:/ST/STM32CubeIDE_1.16.1/STM32CubeIDE/plugins/com.st.stm32cube.ide.mcu.externaltools.gnu-tools-for-stm32.12.3.rel1.win32_1.0.200.202406191623/tools/bin/../lib/gcc/arm-none-eabi/12.3.1/../../../../arm-none-eabi/lib/thumb/v7e-m+dp/hard\libm.a(libm_a-sf_pow.o)
 *fill*         0x0800a54a        0x6 
 .text.powf     0x0800a550      0x2c0 C:/ST/STM32CubeIDE_1.16.1/STM32CubeIDE/plugins/com.st.stm32cube.ide.mcu.externaltools.gnu-tools-for-stm32.12.3.rel1.win32_1.0.200.202406191623/tools/bin/../lib/gcc/arm-none-eabi/12.3.1/../../../../arm-none-eabi/lib/thumb/v7e-m+dp/hard\libm.a(libm_a-sf_pow.o)
                0x0800a550                powf
 .text.sinf_poly
                0x0800a810       0x54 C:/ST/STM32CubeIDE_1.16.1/STM32CubeIDE/plugins/com.st.stm32cube.ide.mcu.externaltools.gnu-tools-for-stm32.12.3.rel1.win32_1.0.200.202406191623/tools/bin/../lib/gcc/arm-none-eabi/12.3.1/../../../../arm-none-eabi/lib/thumb/v7e-m+dp/hard\libm.a(libm_a-cosf.o)
 *fill*         0x0800a864        0x4 
 .text.cosf     0x0800a868      0x140 C:/ST/STM32CubeIDE_1.16.1/STM32CubeIDE/plugins/com.st.stm32cube.ide.mcu.externaltools.gnu-tools-for-stm32.12.3.rel1.win32_1.0.200.202406191623/tools/bin/../lib/gcc/arm-none-eabi/12.3.1/../../../../arm-none-eabi/lib/thumb/v7e-m+dp/hard\libm.a(libm_a-cosf.o)
                0x0800a868                cosf
 .text.with_errnof
                0x0800a9a8       0x1c C:/ST/STM32CubeIDE_1.16.1/STM32CubeIDE/plugins/com.st.stm32cube.ide.mcu.externaltools.gnu-tools-for-stm32.12.3.rel1.win32_1.0.200.202406191623/tools/bin/../lib/gcc/arm-none-eabi/12.3.1/../../../../arm-none-eabi/lib/thumb/v7e-m+dp/hard\libm.a(libm_a-math_errf.o)
 .text.xflowf   0x0800a9c4       0x16 C:/ST/STM32CubeIDE_1.16.1/STM32CubeIDE/plugins/com.st.stm32cube.ide.mcu.externaltools.gnu-tools-for-stm32.12.3.rel1.win32_1.0.200.202406191623/tools/bin/../lib/gcc/arm-none-eabi/12.3.1/../../../../arm-none-eabi/lib/thumb/v7e-m+dp/hard\libm.a(libm_a-math_errf.o)
 *fill*         0x0800a9da        0x2 
 .text.__math_uflowf
                0x0800a9dc        0xc C:/ST/STM32CubeIDE_1.16.1/STM32CubeIDE/plugins/com.st.stm32cube.ide.mcu.externaltools.gnu-tools-for-stm32.12.3.rel1.win32_1.0.200.202406191623/tools/bin/../lib/gcc/arm-none-eabi/12.3.1/../../../../arm-none-eabi/lib/thumb/v7e-m+dp/hard\libm.a(libm_a-math_errf.o)
                0x0800a9dc                __math_uflowf
 .text.__math_may_uflowf
                0x0800a9e8        0xc C:/ST/STM32CubeIDE_1.16.1/STM32CubeIDE/plugins/com.st.stm32cube.ide.mcu.externaltools.gnu-tools-for-stm32.12.3.rel1.win32_1.0.200.202406191623/tools/bin/../lib/gcc/arm-none-eabi/12.3.1/../../../../arm-none-eabi/lib/thumb/v7e-m+dp/hard\libm.a(libm_a-math_errf.o)
                0x0800a9e8                __math_may_uflowf
 .text.__math_oflowf
                0x0800a9f4        0xc C:/ST/STM32CubeIDE_1.16.1/STM32CubeIDE/plugins/com.st.stm32cube.ide.mcu.externaltools.gnu-tools-for-stm32.12.3.rel1.win32_1.0.200.202406191623/tools/bin/../lib/gcc/arm-none-eabi/12.3.1/../../../../arm-none-eabi/lib/thumb/v7e-m+dp/hard\libm.a(libm_a-math_errf.o)
                0x0800a9f4                __math_oflowf
 .text.__math_divzerof
                0x0800aa00       0x24 C:/ST/STM32CubeIDE_1.16.1/STM32CubeIDE/plugins/com.st.stm32cube.ide.mcu.externaltools.gnu-tools-for-stm32.12.3.rel1.win32_1.0.200.202406191623/tools/bin/../lib/gcc/arm-none-eabi/12.3.1/../../../../arm-none-eabi/lib/thumb/v7e-m+dp/hard\libm.a(libm_a-math_errf.o)
                0x0800aa00                __math_divzerof
 .text.__math_invalidf
                0x0800aa24       0x1e C:/ST/STM32CubeIDE_1.16.1/STM32CubeIDE/plugins/com.st.stm32cube.ide.mcu.externaltools.gnu-tools-for-stm32.12.3.rel1.win32_1.0.200.202406191623/tools/bin/../lib/gcc/arm-none-eabi/12.3.1/../../../../arm-none-eabi/lib/thumb/v7e-m+dp/hard\libm.a(libm_a-math_errf.o)
                0x0800aa24                __math_invalidf
 .text.memset   0x0800aa42       0x10 C:/ST/STM32CubeIDE_1.16.1/STM32CubeIDE/plugins/com.st.stm32cube.ide.mcu.externaltools.gnu-tools-for-stm32.12.3.rel1.win32_1.0.200.202406191623/tools/bin/../lib/gcc/arm-none-eabi/12.3.1/../../../../arm-none-eabi/lib/thumb/v7e-m+dp/hard\libc_nano.a(libc_a-memset.o)
                0x0800aa42                memset
 *fill*         0x0800aa52        0x2 
 .text.__errno  0x0800aa54        0xc C:/ST/STM32CubeIDE_1.16.1/STM32CubeIDE/plugins/com.st.stm32cube.ide.mcu.externaltools.gnu-tools-for-stm32.12.3.rel1.win32_1.0.200.202406191623/tools/bin/../lib/gcc/arm-none-eabi/12.3.1/../../../../arm-none-eabi/lib/thumb/v7e-m+dp/hard\libc_nano.a(libc_a-errno.o)
                0x0800aa54                __errno
 .text.__libc_init_array
                0x0800aa60       0x48 C:/ST/STM32CubeIDE_1.16.1/STM32CubeIDE/plugins/com.st.stm32cube.ide.mcu.externaltools.gnu-tools-for-stm32.12.3.rel1.win32_1.0.200.202406191623/tools/bin/../lib/gcc/arm-none-eabi/12.3.1/../../../../arm-none-eabi/lib/thumb/v7e-m+dp/hard\libc_nano.a(libc_a-init.o)
                0x0800aa60                __libc_init_array
 *(.glue_7)
 .glue_7        0x0800aaa8        0x0 linker stubs
 *(.glue_7t)
 .glue_7t       0x0800aaa8        0x0 linker stubs
 *(.eh_frame)
 .eh_frame      0x0800aaa8        0x0 C:/ST/STM32CubeIDE_1.16.1/STM32CubeIDE/plugins/com.st.stm32cube.ide.mcu.externaltools.gnu-tools-for-stm32.12.3.rel1.win32_1.0.200.202406191623/tools/bin/../lib/gcc/arm-none-eabi/12.3.1/thumb/v7e-m+dp/hard/crtbegin.o
 *(.init)
 .init          0x0800aaa8        0x4 C:/ST/STM32CubeIDE_1.16.1/STM32CubeIDE/plugins/com.st.stm32cube.ide.mcu.externaltools.gnu-tools-for-stm32.12.3.rel1.win32_1.0.200.202406191623/tools/bin/../lib/gcc/arm-none-eabi/12.3.1/thumb/v7e-m+dp/hard/crti.o
                0x0800aaa8                _init
 .init          0x0800aaac        0x8 C:/ST/STM32CubeIDE_1.16.1/STM32CubeIDE/plugins/com.st.stm32cube.ide.mcu.externaltools.gnu-tools-for-stm32.12.3.rel1.win32_1.0.200.202406191623/tools/bin/../lib/gcc/arm-none-eabi/12.3.1/thumb/v7e-m+dp/hard/crtn.o
 *(.fini)
 .fini          0x0800aab4        0x4 C:/ST/STM32CubeIDE_1.16.1/STM32CubeIDE/plugins/com.st.stm32cube.ide.mcu.externaltools.gnu-tools-for-stm32.12.3.rel1.win32_1.0.200.202406191623/tools/bin/../lib/gcc/arm-none-eabi/12.3.1/thumb/v7e-m+dp/hard/crti.o
                0x0800aab4                _fini
 .fini          0x0800aab8        0x8 C:/ST/STM32CubeIDE_1.16.1/STM32CubeIDE/plugins/com.st.stm32cube.ide.mcu.externaltools.gnu-tools-for-stm32.12.3.rel1.win32_1.0.200.202406191623/tools/bin/../lib/gcc/arm-none-eabi/12.3.1/thumb/v7e-m+dp/hard/crtn.o
                0x0800aac0                        . = ALIGN (0x4)
                0x0800aac0                        _etext = .

.vfp11_veneer   0x0800aac0        0x0
 .vfp11_veneer  0x0800aac0        0x0 linker stubs

.v4_bx          0x0800aac0        0x0
 .v4_bx         0x0800aac0        0x0 linker stubs

.iplt           0x0800aac0        0x0
 .iplt          0x0800aac0        0x0 C:/ST/STM32CubeIDE_1.16.1/STM32CubeIDE/plugins/com.st.stm32cube.ide.mcu.externaltools.gnu-tools-for-stm32.12.3.rel1.win32_1.0.200.202406191623/tools/bin/../lib/gcc/arm-none-eabi/12.3.1/thumb/v7e-m+dp/hard/crtbegin.o

.rodata         0x0800aac0      0x3c8
                0x0800aac0                        . = ALIGN (0x4)
 *(.rodata)
 *(.rodata*)
 .rodata.D1CorePrescTable
                0x0800aac0       0x10 ./Core/Src/system_stm32h7xx.o
                0x0800aac0                D1CorePrescTable
 .rodata.flagBitshiftOffset.0
                0x0800aad0        0x8 ./Drivers/STM32H7xx_HAL_Driver/Src/stm32h7xx_hal_dma.o
 .rodata.__inv_pio4
                0x0800aad8       0x60 C:/ST/STM32CubeIDE_1.16.1/STM32CubeIDE/plugins/com.st.stm32cube.ide.mcu.externaltools.gnu-tools-for-stm32.12.3.rel1.win32_1.0.200.202406191623/tools/bin/../lib/gcc/arm-none-eabi/12.3.1/../../../../arm-none-eabi/lib/thumb/v7e-m+dp/hard\libm.a(libm_a-sincosf_data.o)
                0x0800aad8                __inv_pio4
 .rodata.__sincosf_table
                0x0800ab38       0xe0 C:/ST/STM32CubeIDE_1.16.1/STM32CubeIDE/plugins/com.st.stm32cube.ide.mcu.externaltools.gnu-tools-for-stm32.12.3.rel1.win32_1.0.200.202406191623/tools/bin/../lib/gcc/arm-none-eabi/12.3.1/../../../../arm-none-eabi/lib/thumb/v7e-m+dp/hard\libm.a(libm_a-sincosf_data.o)
                0x0800ab38                __sincosf_table
 .rodata.__exp2f_data
                0x0800ac18      0x148 C:/ST/STM32CubeIDE_1.16.1/STM32CubeIDE/plugins/com.st.stm32cube.ide.mcu.externaltools.gnu-tools-for-stm32.12.3.rel1.win32_1.0.200.202406191623/tools/bin/../lib/gcc/arm-none-eabi/12.3.1/../../../../arm-none-eabi/lib/thumb/v7e-m+dp/hard\libm.a(libm_a-sf_exp2_data.o)
                0x0800ac18                __exp2f_data
 .rodata.__powf_log2_data
                0x0800ad60      0x128 C:/ST/STM32CubeIDE_1.16.1/STM32CubeIDE/plugins/com.st.stm32cube.ide.mcu.externaltools.gnu-tools-for-stm32.12.3.rel1.win32_1.0.200.202406191623/tools/bin/../lib/gcc/arm-none-eabi/12.3.1/../../../../arm-none-eabi/lib/thumb/v7e-m+dp/hard\libm.a(libm_a-sf_pow_log2_data.o)
                0x0800ad60                __powf_log2_data
                0x0800ae88                        . = ALIGN (0x4)

.ARM.extab
 *(.ARM.extab* .gnu.linkonce.armextab.*)

.ARM            0x0800ae88        0x0
                0x0800ae88                        __exidx_start = .
 *(.ARM.exidx*)
                0x0800ae88                        __exidx_end = .

.preinit_array  0x0800ae88        0x0
                0x0800ae88                        PROVIDE (__preinit_array_start = .)
 *(.preinit_array*)
                0x0800ae88                        PROVIDE (__preinit_array_end = .)

.init_array     0x0800ae88        0x4
                0x0800ae88                        PROVIDE (__init_array_start = .)
 *(SORT_BY_NAME(.init_array.*))
 *(.init_array*)
 .init_array    0x0800ae88        0x4 C:/ST/STM32CubeIDE_1.16.1/STM32CubeIDE/plugins/com.st.stm32cube.ide.mcu.externaltools.gnu-tools-for-stm32.12.3.rel1.win32_1.0.200.202406191623/tools/bin/../lib/gcc/arm-none-eabi/12.3.1/thumb/v7e-m+dp/hard/crtbegin.o
                0x0800ae8c                        PROVIDE (__init_array_end = .)

.fini_array     0x0800ae8c        0x4
                [!provide]                        PROVIDE (__fini_array_start = .)
 *(SORT_BY_NAME(.fini_array.*))
 *(.fini_array*)
 .fini_array    0x0800ae8c        0x4 C:/ST/STM32CubeIDE_1.16.1/STM32CubeIDE/plugins/com.st.stm32cube.ide.mcu.externaltools.gnu-tools-for-stm32.12.3.rel1.win32_1.0.200.202406191623/tools/bin/../lib/gcc/arm-none-eabi/12.3.1/thumb/v7e-m+dp/hard/crtbegin.o
                [!provide]                        PROVIDE (__fini_array_end = .)
                0x0800ae90                        _sidata = LOADADDR (.data)

.rel.dyn        0x0800ae90        0x0
 .rel.iplt      0x0800ae90        0x0 C:/ST/STM32CubeIDE_1.16.1/STM32CubeIDE/plugins/com.st.stm32cube.ide.mcu.externaltools.gnu-tools-for-stm32.12.3.rel1.win32_1.0.200.202406191623/tools/bin/../lib/gcc/arm-none-eabi/12.3.1/thumb/v7e-m+dp/hard/crtbegin.o

.data           0x24000000       0x68 load address 0x0800ae90
                0x24000000                        . = ALIGN (0x4)
                0x24000000                        _sdata = .
 *(.data)
 *(.data*)
 .data.a1       0x24000000        0x4 ./Core/Src/main.o
                0x24000000                a1
 .data.b0       0x24000004        0x4 ./Core/Src/main.o
                0x24000004                b0
 .data.SystemCoreClock
                0x24000008        0x4 ./Core/Src/system_stm32h7xx.o
                0x24000008                SystemCoreClock
 .data.SystemD2Clock
                0x2400000c        0x4 ./Core/Src/system_stm32h7xx.o
                0x2400000c                SystemD2Clock
 .data.uwTickPrio
                0x24000010        0x4 ./Drivers/STM32H7xx_HAL_Driver/Src/stm32h7xx_hal.o
                0x24000010                uwTickPrio
 .data.uwTickFreq
                0x24000014        0x1 ./Drivers/STM32H7xx_HAL_Driver/Src/stm32h7xx_hal.o
                0x24000014                uwTickFreq
 *fill*         0x24000015        0x3 
 .data._impure_ptr
                0x24000018        0x4 C:/ST/STM32CubeIDE_1.16.1/STM32CubeIDE/plugins/com.st.stm32cube.ide.mcu.externaltools.gnu-tools-for-stm32.12.3.rel1.win32_1.0.200.202406191623/tools/bin/../lib/gcc/arm-none-eabi/12.3.1/../../../../arm-none-eabi/lib/thumb/v7e-m+dp/hard\libc_nano.a(libc_a-impure.o)
                0x24000018                _impure_ptr
 .data._impure_data
                0x2400001c       0x4c C:/ST/STM32CubeIDE_1.16.1/STM32CubeIDE/plugins/com.st.stm32cube.ide.mcu.externaltools.gnu-tools-for-stm32.12.3.rel1.win32_1.0.200.202406191623/tools/bin/../lib/gcc/arm-none-eabi/12.3.1/../../../../arm-none-eabi/lib/thumb/v7e-m+dp/hard\libc_nano.a(libc_a-impure.o)
                0x2400001c                _impure_data
 *(.RamFunc)
 *(.RamFunc*)
                0x24000068                        . = ALIGN (0x4)
                0x24000068                        _edata = .

.igot.plt       0x24000068        0x0 load address 0x0800aef8
 .igot.plt      0x24000068        0x0 C:/ST/STM32CubeIDE_1.16.1/STM32CubeIDE/plugins/com.st.stm32cube.ide.mcu.externaltools.gnu-tools-for-stm32.12.3.rel1.win32_1.0.200.202406191623/tools/bin/../lib/gcc/arm-none-eabi/12.3.1/thumb/v7e-m+dp/hard/crtbegin.o
                0x24000068                        . = ALIGN (0x4)

.bss            0x24000068     0xb034 load address 0x0800aef8
                0x24000068                        _sbss = .
                0x24000068                        __bss_start__ = _sbss
 *(.bss)
 .bss           0x24000068       0x1c C:/ST/STM32CubeIDE_1.16.1/STM32CubeIDE/plugins/com.st.stm32cube.ide.mcu.externaltools.gnu-tools-for-stm32.12.3.rel1.win32_1.0.200.202406191623/tools/bin/../lib/gcc/arm-none-eabi/12.3.1/thumb/v7e-m+dp/hard/crtbegin.o
 *(.bss*)
 .bss.Buf       0x24000084     0x396c ./Core/Src/main.o
                0x24000084                Buf
 .bss.WtrP      0x240039f0        0x4 ./Core/Src/main.o
                0x240039f0                WtrP
 .bss.Rd_P      0x240039f4        0x4 ./Core/Src/main.o
                0x240039f4                Rd_P
 .bss.Shift     0x240039f8        0x4 ./Core/Src/main.o
                0x240039f8                Shift
 .bss.CrossFade
                0x240039fc        0x4 ./Core/Src/main.o
                0x240039fc                CrossFade
 .bss.semitoneShift
                0x24003a00        0x4 ./Core/Src/main.o
                0x24003a00                semitoneShift
 .bss.hadc3     0x24003a04       0x70 ./Core/Src/main.o
                0x24003a04                hadc3
 .bss.hdma_adc3
                0x24003a74       0x78 ./Core/Src/main.o
                0x24003a74                hdma_adc3
 .bss.hcordic   0x24003aec       0x28 ./Core/Src/main.o
                0x24003aec                hcordic
 .bss.hdac1     0x24003b14       0x14 ./Core/Src/main.o
                0x24003b14                hdac1
 .bss.hdma_dac1_ch2
                0x24003b28       0x78 ./Core/Src/main.o
                0x24003b28                hdma_dac1_ch2
 .bss.hfmac     0x24003ba0       0x38 ./Core/Src/main.o
                0x24003ba0                hfmac
 .bss.htim3     0x24003bd8       0x4c ./Core/Src/main.o
                0x24003bd8                htim3
 .bss.htim6     0x24003c24       0x4c ./Core/Src/main.o
                0x24003c24                htim6
 .bss.adc_buffer
                0x24003c70     0x396c ./Core/Src/main.o
                0x24003c70                adc_buffer
 .bss.dac_buffer
                0x240075dc     0x396c ./Core/Src/main.o
                0x240075dc                dac_buffer
 .bss.counter   0x2400af48        0x4 ./Core/Src/main.o
                0x2400af48                counter
 .bss.count     0x2400af4c        0x2 ./Core/Src/main.o
                0x2400af4c                count
 .bss.position  0x2400af4e        0x2 ./Core/Src/main.o
                0x2400af4e                position
 .bss.speed     0x2400af50        0x4 ./Core/Src/main.o
                0x2400af50                speed
 .bss.previousOutput
                0x2400af54        0x4 ./Core/Src/main.o
                0x2400af54                previousOutput
 .bss.oldpos    0x2400af58        0x2 ./Core/Src/stm32h7xx_it.o
                0x2400af58                oldpos
 *fill*         0x2400af5a        0x2 
 .bss.indx      0x2400af5c        0x4 ./Core/Src/stm32h7xx_it.o
                0x2400af5c                indx
 .bss.uwTick    0x2400af60        0x4 ./Drivers/STM32H7xx_HAL_Driver/Src/stm32h7xx_hal.o
                0x2400af60                uwTick
 .bss.__sf      0x2400af64      0x138 C:/ST/STM32CubeIDE_1.16.1/STM32CubeIDE/plugins/com.st.stm32cube.ide.mcu.externaltools.gnu-tools-for-stm32.12.3.rel1.win32_1.0.200.202406191623/tools/bin/../lib/gcc/arm-none-eabi/12.3.1/../../../../arm-none-eabi/lib/thumb/v7e-m+dp/hard\libc_nano.a(libc_a-findfp.o)
                0x2400af64                __sf
 *(COMMON)
                0x2400b09c                        . = ALIGN (0x4)
                0x2400b09c                        _ebss = .
                0x2400b09c                        __bss_end__ = _ebss

._user_heap_stack
                0x2400b09c      0x604 load address 0x0800aef8
                0x2400b0a0                        . = ALIGN (0x8)
 *fill*         0x2400b09c        0x4 
                [!provide]                        PROVIDE (end = .)
                0x2400b0a0                        PROVIDE (_end = .)
                0x2400b2a0                        . = (. + _Min_Heap_Size)
 *fill*         0x2400b0a0      0x200 
                0x2400b6a0                        . = (. + _Min_Stack_Size)
 *fill*         0x2400b2a0      0x400 
                0x2400b6a0                        . = ALIGN (0x8)

/DISCARD/
 libc.a(*)
 libm.a(*)
 libgcc.a(*)

.ARM.attributes
                0x00000000       0x2e
 *(.ARM.attributes)
 .ARM.attributes
                0x00000000       0x20 C:/ST/STM32CubeIDE_1.16.1/STM32CubeIDE/plugins/com.st.stm32cube.ide.mcu.externaltools.gnu-tools-for-stm32.12.3.rel1.win32_1.0.200.202406191623/tools/bin/../lib/gcc/arm-none-eabi/12.3.1/thumb/v7e-m+dp/hard/crti.o
 .ARM.attributes
                0x00000020       0x32 C:/ST/STM32CubeIDE_1.16.1/STM32CubeIDE/plugins/com.st.stm32cube.ide.mcu.externaltools.gnu-tools-for-stm32.12.3.rel1.win32_1.0.200.202406191623/tools/bin/../lib/gcc/arm-none-eabi/12.3.1/thumb/v7e-m+dp/hard/crtbegin.o
 .ARM.attributes
                0x00000052       0x32 ./Core/Src/main.o
 .ARM.attributes
                0x00000084       0x32 ./Core/Src/stm32h7xx_hal_msp.o
 .ARM.attributes
                0x000000b6       0x32 ./Core/Src/stm32h7xx_it.o
 .ARM.attributes
                0x000000e8       0x32 ./Core/Src/system_stm32h7xx.o
 .ARM.attributes
                0x0000011a       0x21 ./Core/Startup/startup_stm32h723vgtx.o
 .ARM.attributes
                0x0000013b       0x32 ./Drivers/STM32H7xx_HAL_Driver/Src/stm32h7xx_hal.o
 .ARM.attributes
                0x0000016d       0x32 ./Drivers/STM32H7xx_HAL_Driver/Src/stm32h7xx_hal_adc.o
 .ARM.attributes
                0x0000019f       0x32 ./Drivers/STM32H7xx_HAL_Driver/Src/stm32h7xx_hal_cordic.o
 .ARM.attributes
                0x000001d1       0x32 ./Drivers/STM32H7xx_HAL_Driver/Src/stm32h7xx_hal_cortex.o
 .ARM.attributes
                0x00000203       0x32 ./Drivers/STM32H7xx_HAL_Driver/Src/stm32h7xx_hal_dac.o
 .ARM.attributes
                0x00000235       0x32 ./Drivers/STM32H7xx_HAL_Driver/Src/stm32h7xx_hal_dac_ex.o
 .ARM.attributes
                0x00000267       0x32 ./Drivers/STM32H7xx_HAL_Driver/Src/stm32h7xx_hal_dma.o
 .ARM.attributes
                0x00000299       0x32 ./Drivers/STM32H7xx_HAL_Driver/Src/stm32h7xx_hal_fmac.o
 .ARM.attributes
                0x000002cb       0x32 ./Drivers/STM32H7xx_HAL_Driver/Src/stm32h7xx_hal_gpio.o
 .ARM.attributes
                0x000002fd       0x32 ./Drivers/STM32H7xx_HAL_Driver/Src/stm32h7xx_hal_pwr_ex.o
 .ARM.attributes
                0x0000032f       0x32 ./Drivers/STM32H7xx_HAL_Driver/Src/stm32h7xx_hal_rcc.o
 .ARM.attributes
                0x00000361       0x32 ./Drivers/STM32H7xx_HAL_Driver/Src/stm32h7xx_hal_rcc_ex.o
 .ARM.attributes
                0x00000393       0x32 ./Drivers/STM32H7xx_HAL_Driver/Src/stm32h7xx_hal_tim.o
 .ARM.attributes
                0x000003c5       0x32 ./Drivers/STM32H7xx_HAL_Driver/Src/stm32h7xx_hal_tim_ex.o
 .ARM.attributes
                0x000003f7       0x32 C:/ST/STM32CubeIDE_1.16.1/STM32CubeIDE/plugins/com.st.stm32cube.ide.mcu.externaltools.gnu-tools-for-stm32.12.3.rel1.win32_1.0.200.202406191623/tools/bin/../lib/gcc/arm-none-eabi/12.3.1/../../../../arm-none-eabi/lib/thumb/v7e-m+dp/hard\libm.a(libm_a-sf_pow.o)
 .ARM.attributes
                0x00000429       0x32 C:/ST/STM32CubeIDE_1.16.1/STM32CubeIDE/plugins/com.st.stm32cube.ide.mcu.externaltools.gnu-tools-for-stm32.12.3.rel1.win32_1.0.200.202406191623/tools/bin/../lib/gcc/arm-none-eabi/12.3.1/../../../../arm-none-eabi/lib/thumb/v7e-m+dp/hard\libm.a(libm_a-cosf.o)
 .ARM.attributes
                0x0000045b       0x32 C:/ST/STM32CubeIDE_1.16.1/STM32CubeIDE/plugins/com.st.stm32cube.ide.mcu.externaltools.gnu-tools-for-stm32.12.3.rel1.win32_1.0.200.202406191623/tools/bin/../lib/gcc/arm-none-eabi/12.3.1/../../../../arm-none-eabi/lib/thumb/v7e-m+dp/hard\libm.a(libm_a-sincosf_data.o)
 .ARM.attributes
                0x0000048d       0x32 C:/ST/STM32CubeIDE_1.16.1/STM32CubeIDE/plugins/com.st.stm32cube.ide.mcu.externaltools.gnu-tools-for-stm32.12.3.rel1.win32_1.0.200.202406191623/tools/bin/../lib/gcc/arm-none-eabi/12.3.1/../../../../arm-none-eabi/lib/thumb/v7e-m+dp/hard\libm.a(libm_a-math_errf.o)
 .ARM.attributes
                0x000004bf       0x32 C:/ST/STM32CubeIDE_1.16.1/STM32CubeIDE/plugins/com.st.stm32cube.ide.mcu.externaltools.gnu-tools-for-stm32.12.3.rel1.win32_1.0.200.202406191623/tools/bin/../lib/gcc/arm-none-eabi/12.3.1/../../../../arm-none-eabi/lib/thumb/v7e-m+dp/hard\libm.a(libm_a-sf_exp2_data.o)
 .ARM.attributes
                0x000004f1       0x32 C:/ST/STM32CubeIDE_1.16.1/STM32CubeIDE/plugins/com.st.stm32cube.ide.mcu.externaltools.gnu-tools-for-stm32.12.3.rel1.win32_1.0.200.202406191623/tools/bin/../lib/gcc/arm-none-eabi/12.3.1/../../../../arm-none-eabi/lib/thumb/v7e-m+dp/hard\libm.a(libm_a-sf_pow_log2_data.o)
 .ARM.attributes
                0x00000523       0x32 C:/ST/STM32CubeIDE_1.16.1/STM32CubeIDE/plugins/com.st.stm32cube.ide.mcu.externaltools.gnu-tools-for-stm32.12.3.rel1.win32_1.0.200.202406191623/tools/bin/../lib/gcc/arm-none-eabi/12.3.1/../../../../arm-none-eabi/lib/thumb/v7e-m+dp/hard\libc_nano.a(libc_a-findfp.o)
 .ARM.attributes
                0x00000555       0x32 C:/ST/STM32CubeIDE_1.16.1/STM32CubeIDE/plugins/com.st.stm32cube.ide.mcu.externaltools.gnu-tools-for-stm32.12.3.rel1.win32_1.0.200.202406191623/tools/bin/../lib/gcc/arm-none-eabi/12.3.1/../../../../arm-none-eabi/lib/thumb/v7e-m+dp/hard\libc_nano.a(libc_a-memset.o)
 .ARM.attributes
                0x00000587       0x32 C:/ST/STM32CubeIDE_1.16.1/STM32CubeIDE/plugins/com.st.stm32cube.ide.mcu.externaltools.gnu-tools-for-stm32.12.3.rel1.win32_1.0.200.202406191623/tools/bin/../lib/gcc/arm-none-eabi/12.3.1/../../../../arm-none-eabi/lib/thumb/v7e-m+dp/hard\libc_nano.a(libc_a-impure.o)
 .ARM.attributes
                0x000005b9       0x32 C:/ST/STM32CubeIDE_1.16.1/STM32CubeIDE/plugins/com.st.stm32cube.ide.mcu.externaltools.gnu-tools-for-stm32.12.3.rel1.win32_1.0.200.202406191623/tools/bin/../lib/gcc/arm-none-eabi/12.3.1/../../../../arm-none-eabi/lib/thumb/v7e-m+dp/hard\libc_nano.a(libc_a-errno.o)
 .ARM.attributes
                0x000005eb       0x32 C:/ST/STM32CubeIDE_1.16.1/STM32CubeIDE/plugins/com.st.stm32cube.ide.mcu.externaltools.gnu-tools-for-stm32.12.3.rel1.win32_1.0.200.202406191623/tools/bin/../lib/gcc/arm-none-eabi/12.3.1/../../../../arm-none-eabi/lib/thumb/v7e-m+dp/hard\libc_nano.a(libc_a-init.o)
 .ARM.attributes
                0x0000061d       0x20 C:/ST/STM32CubeIDE_1.16.1/STM32CubeIDE/plugins/com.st.stm32cube.ide.mcu.externaltools.gnu-tools-for-stm32.12.3.rel1.win32_1.0.200.202406191623/tools/bin/../lib/gcc/arm-none-eabi/12.3.1/thumb/v7e-m+dp/hard\libgcc.a(_arm_addsubdf3.o)
 .ARM.attributes
                0x0000063d       0x20 C:/ST/STM32CubeIDE_1.16.1/STM32CubeIDE/plugins/com.st.stm32cube.ide.mcu.externaltools.gnu-tools-for-stm32.12.3.rel1.win32_1.0.200.202406191623/tools/bin/../lib/gcc/arm-none-eabi/12.3.1/thumb/v7e-m+dp/hard/crtn.o
OUTPUT(DropTunerPedal.elf elf32-littlearm)
LOAD linker stubs
LOAD C:/ST/STM32CubeIDE_1.16.1/STM32CubeIDE/plugins/com.st.stm32cube.ide.mcu.externaltools.gnu-tools-for-stm32.12.3.rel1.win32_1.0.200.202406191623/tools/bin/../lib/gcc/arm-none-eabi/12.3.1/../../../../arm-none-eabi/lib/thumb/v7e-m+dp/hard\libc.a
LOAD C:/ST/STM32CubeIDE_1.16.1/STM32CubeIDE/plugins/com.st.stm32cube.ide.mcu.externaltools.gnu-tools-for-stm32.12.3.rel1.win32_1.0.200.202406191623/tools/bin/../lib/gcc/arm-none-eabi/12.3.1/../../../../arm-none-eabi/lib/thumb/v7e-m+dp/hard\libm.a
LOAD C:/ST/STM32CubeIDE_1.16.1/STM32CubeIDE/plugins/com.st.stm32cube.ide.mcu.externaltools.gnu-tools-for-stm32.12.3.rel1.win32_1.0.200.202406191623/tools/bin/../lib/gcc/arm-none-eabi/12.3.1/thumb/v7e-m+dp/hard\libgcc.a

.debug_info     0x00000000    0x169f3
 .debug_info    0x00000000     0x2c62 ./Core/Src/main.o
 .debug_info    0x00002c62     0x20f3 ./Core/Src/stm32h7xx_hal_msp.o
 .debug_info    0x00004d55      0x8b5 ./Core/Src/stm32h7xx_it.o
 .debug_info    0x0000560a      0xb2e ./Core/Src/system_stm32h7xx.o
 .debug_info    0x00006138       0x30 ./Core/Startup/startup_stm32h723vgtx.o
 .debug_info    0x00006168     0x1698 ./Drivers/STM32H7xx_HAL_Driver/Src/stm32h7xx_hal.o
 .debug_info    0x00007800     0x245f ./Drivers/STM32H7xx_HAL_Driver/Src/stm32h7xx_hal_adc.o
 .debug_info    0x00009c5f      0xab6 ./Drivers/STM32H7xx_HAL_Driver/Src/stm32h7xx_hal_cordic.o
 .debug_info    0x0000a715     0x10a0 ./Drivers/STM32H7xx_HAL_Driver/Src/stm32h7xx_hal_cortex.o
 .debug_info    0x0000b7b5      0xbb8 ./Drivers/STM32H7xx_HAL_Driver/Src/stm32h7xx_hal_dac.o
 .debug_info    0x0000c36d      0xb96 ./Drivers/STM32H7xx_HAL_Driver/Src/stm32h7xx_hal_dac_ex.o
 .debug_info    0x0000cf03      0xb67 ./Drivers/STM32H7xx_HAL_Driver/Src/stm32h7xx_hal_dma.o
 .debug_info    0x0000da6a     0x118b ./Drivers/STM32H7xx_HAL_Driver/Src/stm32h7xx_hal_fmac.o
 .debug_info    0x0000ebf5      0xc5c ./Drivers/STM32H7xx_HAL_Driver/Src/stm32h7xx_hal_gpio.o
 .debug_info    0x0000f851      0xdc4 ./Drivers/STM32H7xx_HAL_Driver/Src/stm32h7xx_hal_pwr_ex.o
 .debug_info    0x00010615      0xd73 ./Drivers/STM32H7xx_HAL_Driver/Src/stm32h7xx_hal_rcc.o
 .debug_info    0x00011388     0x11fc ./Drivers/STM32H7xx_HAL_Driver/Src/stm32h7xx_hal_rcc_ex.o
 .debug_info    0x00012584     0x2bae ./Drivers/STM32H7xx_HAL_Driver/Src/stm32h7xx_hal_tim.o
 .debug_info    0x00015132     0x18c1 ./Drivers/STM32H7xx_HAL_Driver/Src/stm32h7xx_hal_tim_ex.o

.debug_abbrev   0x00000000     0x2c75
 .debug_abbrev  0x00000000      0x3e9 ./Core/Src/main.o
 .debug_abbrev  0x000003e9      0x2c7 ./Core/Src/stm32h7xx_hal_msp.o
 .debug_abbrev  0x000006b0      0x1a5 ./Core/Src/stm32h7xx_it.o
 .debug_abbrev  0x00000855      0x13a ./Core/Src/system_stm32h7xx.o
 .debug_abbrev  0x0000098f       0x24 ./Core/Startup/startup_stm32h723vgtx.o
 .debug_abbrev  0x000009b3      0x29e ./Drivers/STM32H7xx_HAL_Driver/Src/stm32h7xx_hal.o
 .debug_abbrev  0x00000c51      0x309 ./Drivers/STM32H7xx_HAL_Driver/Src/stm32h7xx_hal_adc.o
 .debug_abbrev  0x00000f5a      0x227 ./Drivers/STM32H7xx_HAL_Driver/Src/stm32h7xx_hal_cordic.o
 .debug_abbrev  0x00001181      0x339 ./Drivers/STM32H7xx_HAL_Driver/Src/stm32h7xx_hal_cortex.o
 .debug_abbrev  0x000014ba      0x20c ./Drivers/STM32H7xx_HAL_Driver/Src/stm32h7xx_hal_dac.o
 .debug_abbrev  0x000016c6      0x268 ./Drivers/STM32H7xx_HAL_Driver/Src/stm32h7xx_hal_dac_ex.o
 .debug_abbrev  0x0000192e      0x248 ./Drivers/STM32H7xx_HAL_Driver/Src/stm32h7xx_hal_dma.o
 .debug_abbrev  0x00001b76      0x246 ./Drivers/STM32H7xx_HAL_Driver/Src/stm32h7xx_hal_fmac.o
 .debug_abbrev  0x00001dbc      0x1fe ./Drivers/STM32H7xx_HAL_Driver/Src/stm32h7xx_hal_gpio.o
 .debug_abbrev  0x00001fba      0x295 ./Drivers/STM32H7xx_HAL_Driver/Src/stm32h7xx_hal_pwr_ex.o
 .debug_abbrev  0x0000224f      0x2b1 ./Drivers/STM32H7xx_HAL_Driver/Src/stm32h7xx_hal_rcc.o
 .debug_abbrev  0x00002500      0x269 ./Drivers/STM32H7xx_HAL_Driver/Src/stm32h7xx_hal_rcc_ex.o
 .debug_abbrev  0x00002769      0x276 ./Drivers/STM32H7xx_HAL_Driver/Src/stm32h7xx_hal_tim.o
 .debug_abbrev  0x000029df      0x296 ./Drivers/STM32H7xx_HAL_Driver/Src/stm32h7xx_hal_tim_ex.o

.debug_aranges  0x00000000     0x1400
 .debug_aranges
                0x00000000       0xa8 ./Core/Src/main.o
 .debug_aranges
                0x000000a8       0x80 ./Core/Src/stm32h7xx_hal_msp.o
 .debug_aranges
                0x00000128       0x78 ./Core/Src/stm32h7xx_it.o
 .debug_aranges
                0x000001a0       0x28 ./Core/Src/system_stm32h7xx.o
 .debug_aranges
                0x000001c8       0x28 ./Core/Startup/startup_stm32h723vgtx.o
 .debug_aranges
                0x000001f0      0x1c8 ./Drivers/STM32H7xx_HAL_Driver/Src/stm32h7xx_hal.o
 .debug_aranges
                0x000003b8      0x260 ./Drivers/STM32H7xx_HAL_Driver/Src/stm32h7xx_hal_adc.o
 .debug_aranges
                0x00000618       0xb0 ./Drivers/STM32H7xx_HAL_Driver/Src/stm32h7xx_hal_cordic.o
 .debug_aranges
                0x000006c8      0x130 ./Drivers/STM32H7xx_HAL_Driver/Src/stm32h7xx_hal_cortex.o
 .debug_aranges
                0x000007f8       0xc0 ./Drivers/STM32H7xx_HAL_Driver/Src/stm32h7xx_hal_dac.o
 .debug_aranges
                0x000008b8       0xa8 ./Drivers/STM32H7xx_HAL_Driver/Src/stm32h7xx_hal_dac_ex.o
 .debug_aranges
                0x00000960       0xa0 ./Drivers/STM32H7xx_HAL_Driver/Src/stm32h7xx_hal_dma.o
 .debug_aranges
                0x00000a00      0x168 ./Drivers/STM32H7xx_HAL_Driver/Src/stm32h7xx_hal_fmac.o
 .debug_aranges
                0x00000b68       0x58 ./Drivers/STM32H7xx_HAL_Driver/Src/stm32h7xx_hal_gpio.o
 .debug_aranges
                0x00000bc0      0x148 ./Drivers/STM32H7xx_HAL_Driver/Src/stm32h7xx_hal_pwr_ex.o
 .debug_aranges
                0x00000d08       0x88 ./Drivers/STM32H7xx_HAL_Driver/Src/stm32h7xx_hal_rcc.o
 .debug_aranges
                0x00000d90       0xf8 ./Drivers/STM32H7xx_HAL_Driver/Src/stm32h7xx_hal_rcc_ex.o
 .debug_aranges
                0x00000e88      0x3e0 ./Drivers/STM32H7xx_HAL_Driver/Src/stm32h7xx_hal_tim.o
 .debug_aranges
                0x00001268      0x198 ./Drivers/STM32H7xx_HAL_Driver/Src/stm32h7xx_hal_tim_ex.o

.debug_rnglists
                0x00000000      0xf6e
 .debug_rnglists
                0x00000000       0x80 ./Core/Src/main.o
 .debug_rnglists
                0x00000080       0x5e ./Core/Src/stm32h7xx_hal_msp.o
 .debug_rnglists
                0x000000de       0x55 ./Core/Src/stm32h7xx_it.o
 .debug_rnglists
                0x00000133       0x1b ./Core/Src/system_stm32h7xx.o
 .debug_rnglists
                0x0000014e       0x19 ./Core/Startup/startup_stm32h723vgtx.o
 .debug_rnglists
                0x00000167      0x155 ./Drivers/STM32H7xx_HAL_Driver/Src/stm32h7xx_hal.o
 .debug_rnglists
                0x000002bc      0x1d5 ./Drivers/STM32H7xx_HAL_Driver/Src/stm32h7xx_hal_adc.o
 .debug_rnglists
                0x00000491       0x84 ./Drivers/STM32H7xx_HAL_Driver/Src/stm32h7xx_hal_cordic.o
 .debug_rnglists
                0x00000515       0xe0 ./Drivers/STM32H7xx_HAL_Driver/Src/stm32h7xx_hal_cortex.o
 .debug_rnglists
                0x000005f5       0x90 ./Drivers/STM32H7xx_HAL_Driver/Src/stm32h7xx_hal_dac.o
 .debug_rnglists
                0x00000685       0x7e ./Drivers/STM32H7xx_HAL_Driver/Src/stm32h7xx_hal_dac_ex.o
 .debug_rnglists
                0x00000703       0x82 ./Drivers/STM32H7xx_HAL_Driver/Src/stm32h7xx_hal_dma.o
 .debug_rnglists
                0x00000785      0x118 ./Drivers/STM32H7xx_HAL_Driver/Src/stm32h7xx_hal_fmac.o
 .debug_rnglists
                0x0000089d       0x3f ./Drivers/STM32H7xx_HAL_Driver/Src/stm32h7xx_hal_gpio.o
 .debug_rnglists
                0x000008dc       0xf5 ./Drivers/STM32H7xx_HAL_Driver/Src/stm32h7xx_hal_pwr_ex.o
 .debug_rnglists
                0x000009d1       0x68 ./Drivers/STM32H7xx_HAL_Driver/Src/stm32h7xx_hal_rcc.o
 .debug_rnglists
                0x00000a39       0xc0 ./Drivers/STM32H7xx_HAL_Driver/Src/stm32h7xx_hal_rcc_ex.o
 .debug_rnglists
                0x00000af9      0x328 ./Drivers/STM32H7xx_HAL_Driver/Src/stm32h7xx_hal_tim.o
 .debug_rnglists
                0x00000e21      0x14d ./Drivers/STM32H7xx_HAL_Driver/Src/stm32h7xx_hal_tim_ex.o

.debug_macro    0x00000000    0x34fe1
 .debug_macro   0x00000000      0x355 ./Core/Src/main.o
 .debug_macro   0x00000355      0xacc ./Core/Src/main.o
 .debug_macro   0x00000e21      0x24a ./Core/Src/main.o
 .debug_macro   0x0000106b       0x2e ./Core/Src/main.o
 .debug_macro   0x00001099       0x3b ./Core/Src/main.o
 .debug_macro   0x000010d4       0x22 ./Core/Src/main.o
 .debug_macro   0x000010f6       0x8e ./Core/Src/main.o
 .debug_macro   0x00001184       0x51 ./Core/Src/main.o
 .debug_macro   0x000011d5      0x103 ./Core/Src/main.o
 .debug_macro   0x000012d8       0x6a ./Core/Src/main.o
 .debug_macro   0x00001342      0x1df ./Core/Src/main.o
 .debug_macro   0x00001521       0x1c ./Core/Src/main.o
 .debug_macro   0x0000153d       0x22 ./Core/Src/main.o
 .debug_macro   0x0000155f       0xfb ./Core/Src/main.o
 .debug_macro   0x0000165a     0x1305 ./Core/Src/main.o
 .debug_macro   0x0000295f      0x11f ./Core/Src/main.o
 .debug_macro   0x00002a7e       0x27 ./Core/Src/main.o
 .debug_macro   0x00002aa5    0x2127f ./Core/Src/main.o
 .debug_macro   0x00023d24       0x6d ./Core/Src/main.o
 .debug_macro   0x00023d91     0x3d64 ./Core/Src/main.o
 .debug_macro   0x00027af5      0x189 ./Core/Src/main.o
 .debug_macro   0x00027c7e       0x61 ./Core/Src/main.o
 .debug_macro   0x00027cdf       0x29 ./Core/Src/main.o
 .debug_macro   0x00027d08       0x43 ./Core/Src/main.o
 .debug_macro   0x00027d4b       0x34 ./Core/Src/main.o
 .debug_macro   0x00027d7f       0x16 ./Core/Src/main.o
 .debug_macro   0x00027d95       0x43 ./Core/Src/main.o
 .debug_macro   0x00027dd8       0x34 ./Core/Src/main.o
 .debug_macro   0x00027e0c       0x10 ./Core/Src/main.o
 .debug_macro   0x00027e1c       0x58 ./Core/Src/main.o
 .debug_macro   0x00027e74       0x8e ./Core/Src/main.o
 .debug_macro   0x00027f02       0x1c ./Core/Src/main.o
 .debug_macro   0x00027f1e      0x177 ./Core/Src/main.o
 .debug_macro   0x00028095      0x369 ./Core/Src/main.o
 .debug_macro   0x000283fe      0x19b ./Core/Src/main.o
 .debug_macro   0x00028599       0x5d ./Core/Src/main.o
 .debug_macro   0x000285f6     0x2462 ./Core/Src/main.o
 .debug_macro   0x0002aa58     0x1079 ./Core/Src/main.o
 .debug_macro   0x0002bad1      0x154 ./Core/Src/main.o
 .debug_macro   0x0002bc25      0x114 ./Core/Src/main.o
 .debug_macro   0x0002bd39      0x3fc ./Core/Src/main.o
 .debug_macro   0x0002c135       0xac ./Core/Src/main.o
 .debug_macro   0x0002c1e1      0x788 ./Core/Src/main.o
 .debug_macro   0x0002c969      0x228 ./Core/Src/main.o
 .debug_macro   0x0002cb91       0x66 ./Core/Src/main.o
 .debug_macro   0x0002cbf7      0x3a6 ./Core/Src/main.o
 .debug_macro   0x0002cf9d      0x3f9 ./Core/Src/main.o
 .debug_macro   0x0002d396      0x275 ./Core/Src/main.o
 .debug_macro   0x0002d60b     0x1178 ./Core/Src/main.o
 .debug_macro   0x0002e783      0x7c8 ./Core/Src/main.o
 .debug_macro   0x0002ef4b      0x39f ./Core/Src/main.o
 .debug_macro   0x0002f2ea      0x1f4 ./Core/Src/main.o
 .debug_macro   0x0002f4de      0x184 ./Core/Src/main.o
 .debug_macro   0x0002f662       0xd9 ./Core/Src/main.o
 .debug_macro   0x0002f73b      0x3ca ./Core/Src/main.o
 .debug_macro   0x0002fb05      0x45c ./Core/Src/main.o
 .debug_macro   0x0002ff61       0x3c ./Core/Src/main.o
 .debug_macro   0x0002ff9d      0x1ae ./Core/Src/main.o
 .debug_macro   0x0003014b       0x4a ./Core/Src/main.o
 .debug_macro   0x00030195      0x22c ./Core/Src/main.o
 .debug_macro   0x000303c1       0x67 ./Core/Src/main.o
 .debug_macro   0x00030428       0xa5 ./Core/Src/main.o
 .debug_macro   0x000304cd      0x1c4 ./Core/Src/main.o
 .debug_macro   0x00030691      0x22a ./Core/Src/main.o
 .debug_macro   0x000308bb       0x35 ./Core/Src/main.o
 .debug_macro   0x000308f0      0xb24 ./Core/Src/main.o
 .debug_macro   0x00031414      0x29f ./Core/Src/main.o
 .debug_macro   0x000316b3      0x5e6 ./Core/Src/main.o
 .debug_macro   0x00031c99       0x22 ./Core/Src/main.o
 .debug_macro   0x00031cbb       0x16 ./Core/Src/main.o
 .debug_macro   0x00031cd1       0x35 ./Core/Src/main.o
 .debug_macro   0x00031d06       0x20 ./Core/Src/main.o
 .debug_macro   0x00031d26      0x2e9 ./Core/Src/stm32h7xx_hal_msp.o
 .debug_macro   0x0003200f      0x2f3 ./Core/Src/stm32h7xx_it.o
 .debug_macro   0x00032302      0x2df ./Core/Src/system_stm32h7xx.o
 .debug_macro   0x000325e1      0x309 ./Drivers/STM32H7xx_HAL_Driver/Src/stm32h7xx_hal.o
 .debug_macro   0x000328ea      0x30a ./Drivers/STM32H7xx_HAL_Driver/Src/stm32h7xx_hal_adc.o
 .debug_macro   0x00032bf4      0x2e0 ./Drivers/STM32H7xx_HAL_Driver/Src/stm32h7xx_hal_cordic.o
 .debug_macro   0x00032ed4      0x2df ./Drivers/STM32H7xx_HAL_Driver/Src/stm32h7xx_hal_cortex.o
 .debug_macro   0x000331b3      0x2e7 ./Drivers/STM32H7xx_HAL_Driver/Src/stm32h7xx_hal_dac.o
 .debug_macro   0x0003349a      0x2e5 ./Drivers/STM32H7xx_HAL_Driver/Src/stm32h7xx_hal_dac_ex.o
 .debug_macro   0x0003377f      0x333 ./Drivers/STM32H7xx_HAL_Driver/Src/stm32h7xx_hal_dma.o
 .debug_macro   0x00033ab2      0x36c ./Drivers/STM32H7xx_HAL_Driver/Src/stm32h7xx_hal_fmac.o
 .debug_macro   0x00033e1e      0x2e6 ./Drivers/STM32H7xx_HAL_Driver/Src/stm32h7xx_hal_gpio.o
 .debug_macro   0x00034104      0x318 ./Drivers/STM32H7xx_HAL_Driver/Src/stm32h7xx_hal_pwr_ex.o
 .debug_macro   0x0003441c      0x303 ./Drivers/STM32H7xx_HAL_Driver/Src/stm32h7xx_hal_rcc.o
 .debug_macro   0x0003471f      0x2fd ./Drivers/STM32H7xx_HAL_Driver/Src/stm32h7xx_hal_rcc_ex.o
 .debug_macro   0x00034a1c      0x2e0 ./Drivers/STM32H7xx_HAL_Driver/Src/stm32h7xx_hal_tim.o
 .debug_macro   0x00034cfc      0x2e5 ./Drivers/STM32H7xx_HAL_Driver/Src/stm32h7xx_hal_tim_ex.o

.debug_line     0x00000000    0x1915e
 .debug_line    0x00000000      0xf4d ./Core/Src/main.o
 .debug_line    0x00000f4d      0xb57 ./Core/Src/stm32h7xx_hal_msp.o
 .debug_line    0x00001aa4      0xa7e ./Core/Src/stm32h7xx_it.o
 .debug_line    0x00002522      0xb0c ./Core/Src/system_stm32h7xx.o
 .debug_line    0x0000302e       0x7a ./Core/Startup/startup_stm32h723vgtx.o
 .debug_line    0x000030a8      0xf9d ./Drivers/STM32H7xx_HAL_Driver/Src/stm32h7xx_hal.o
 .debug_line    0x00004045     0x2858 ./Drivers/STM32H7xx_HAL_Driver/Src/stm32h7xx_hal_adc.o
 .debug_line    0x0000689d      0xe26 ./Drivers/STM32H7xx_HAL_Driver/Src/stm32h7xx_hal_cordic.o
 .debug_line    0x000076c3      0xf3b ./Drivers/STM32H7xx_HAL_Driver/Src/stm32h7xx_hal_cortex.o
 .debug_line    0x000085fe      0xe5c ./Drivers/STM32H7xx_HAL_Driver/Src/stm32h7xx_hal_dac.o
 .debug_line    0x0000945a      0xe10 ./Drivers/STM32H7xx_HAL_Driver/Src/stm32h7xx_hal_dac_ex.o
 .debug_line    0x0000a26a     0x2872 ./Drivers/STM32H7xx_HAL_Driver/Src/stm32h7xx_hal_dma.o
 .debug_line    0x0000cadc     0x16c5 ./Drivers/STM32H7xx_HAL_Driver/Src/stm32h7xx_hal_fmac.o
 .debug_line    0x0000e1a1      0xdd0 ./Drivers/STM32H7xx_HAL_Driver/Src/stm32h7xx_hal_gpio.o
 .debug_line    0x0000ef71      0xf8a ./Drivers/STM32H7xx_HAL_Driver/Src/stm32h7xx_hal_pwr_ex.o
 .debug_line    0x0000fefb     0x1433 ./Drivers/STM32H7xx_HAL_Driver/Src/stm32h7xx_hal_rcc.o
 .debug_line    0x0001132e     0x1d02 ./Drivers/STM32H7xx_HAL_Driver/Src/stm32h7xx_hal_rcc_ex.o
 .debug_line    0x00013030     0x412e ./Drivers/STM32H7xx_HAL_Driver/Src/stm32h7xx_hal_tim.o
 .debug_line    0x0001715e     0x2000 ./Drivers/STM32H7xx_HAL_Driver/Src/stm32h7xx_hal_tim_ex.o

.debug_str      0x00000000   0x15faf1
 .debug_str     0x00000000   0x159ebb ./Core/Src/main.o
                             0x15a754 (size before relaxing)
 .debug_str     0x00159ebb      0x4e8 ./Core/Src/stm32h7xx_hal_msp.o
                             0x15a1c9 (size before relaxing)
 .debug_str     0x0015a3a3      0x13b ./Core/Src/stm32h7xx_it.o
                             0x158c08 (size before relaxing)
 .debug_str     0x0015a4de      0x1a1 ./Core/Src/system_stm32h7xx.o
                             0x158945 (size before relaxing)
 .debug_str     0x0015a67f       0x44 ./Core/Startup/startup_stm32h723vgtx.o
                                 0x8d (size before relaxing)
 .debug_str     0x0015a6c3      0x938 ./Drivers/STM32H7xx_HAL_Driver/Src/stm32h7xx_hal.o
                             0x1599cf (size before relaxing)
 .debug_str     0x0015affb      0xc68 ./Drivers/STM32H7xx_HAL_Driver/Src/stm32h7xx_hal_adc.o
                             0x1599d6 (size before relaxing)
 .debug_str     0x0015bc63      0x24e ./Drivers/STM32H7xx_HAL_Driver/Src/stm32h7xx_hal_cordic.o
                             0x158b5e (size before relaxing)
 .debug_str     0x0015beb1      0x34e ./Drivers/STM32H7xx_HAL_Driver/Src/stm32h7xx_hal_cortex.o
                             0x1592e9 (size before relaxing)
 .debug_str     0x0015c1ff      0x21c ./Drivers/STM32H7xx_HAL_Driver/Src/stm32h7xx_hal_dac.o
                             0x158c81 (size before relaxing)
 .debug_str     0x0015c41b      0x20c ./Drivers/STM32H7xx_HAL_Driver/Src/stm32h7xx_hal_dac_ex.o
                             0x158cb9 (size before relaxing)
 .debug_str     0x0015c627      0x890 ./Drivers/STM32H7xx_HAL_Driver/Src/stm32h7xx_hal_dma.o
                             0x1590fa (size before relaxing)
 .debug_str     0x0015ceb7      0x9f0 ./Drivers/STM32H7xx_HAL_Driver/Src/stm32h7xx_hal_fmac.o
                             0x159416 (size before relaxing)
 .debug_str     0x0015d8a7       0xe8 ./Drivers/STM32H7xx_HAL_Driver/Src/stm32h7xx_hal_gpio.o
                             0x158990 (size before relaxing)
 .debug_str     0x0015d98f      0x5d0 ./Drivers/STM32H7xx_HAL_Driver/Src/stm32h7xx_hal_pwr_ex.o
                             0x158d98 (size before relaxing)
 .debug_str     0x0015df5f      0x21a ./Drivers/STM32H7xx_HAL_Driver/Src/stm32h7xx_hal_rcc.o
                             0x158d13 (size before relaxing)
 .debug_str     0x0015e179      0x630 ./Drivers/STM32H7xx_HAL_Driver/Src/stm32h7xx_hal_rcc_ex.o
                             0x15922b (size before relaxing)
 .debug_str     0x0015e7a9      0xd52 ./Drivers/STM32H7xx_HAL_Driver/Src/stm32h7xx_hal_tim.o
                             0x159b11 (size before relaxing)
 .debug_str     0x0015f4fb      0x5f6 ./Drivers/STM32H7xx_HAL_Driver/Src/stm32h7xx_hal_tim_ex.o
                             0x1594be (size before relaxing)

.comment        0x00000000       0x43
 .comment       0x00000000       0x43 ./Core/Src/main.o
                                 0x44 (size before relaxing)
 .comment       0x00000043       0x44 ./Core/Src/stm32h7xx_hal_msp.o
 .comment       0x00000043       0x44 ./Core/Src/stm32h7xx_it.o
 .comment       0x00000043       0x44 ./Core/Src/system_stm32h7xx.o
 .comment       0x00000043       0x44 ./Drivers/STM32H7xx_HAL_Driver/Src/stm32h7xx_hal.o
 .comment       0x00000043       0x44 ./Drivers/STM32H7xx_HAL_Driver/Src/stm32h7xx_hal_adc.o
 .comment       0x00000043       0x44 ./Drivers/STM32H7xx_HAL_Driver/Src/stm32h7xx_hal_cordic.o
 .comment       0x00000043       0x44 ./Drivers/STM32H7xx_HAL_Driver/Src/stm32h7xx_hal_cortex.o
 .comment       0x00000043       0x44 ./Drivers/STM32H7xx_HAL_Driver/Src/stm32h7xx_hal_dac.o
 .comment       0x00000043       0x44 ./Drivers/STM32H7xx_HAL_Driver/Src/stm32h7xx_hal_dac_ex.o
 .comment       0x00000043       0x44 ./Drivers/STM32H7xx_HAL_Driver/Src/stm32h7xx_hal_dma.o
 .comment       0x00000043       0x44 ./Drivers/STM32H7xx_HAL_Driver/Src/stm32h7xx_hal_fmac.o
 .comment       0x00000043       0x44 ./Drivers/STM32H7xx_HAL_Driver/Src/stm32h7xx_hal_gpio.o
 .comment       0x00000043       0x44 ./Drivers/STM32H7xx_HAL_Driver/Src/stm32h7xx_hal_pwr_ex.o
 .comment       0x00000043       0x44 ./Drivers/STM32H7xx_HAL_Driver/Src/stm32h7xx_hal_rcc.o
 .comment       0x00000043       0x44 ./Drivers/STM32H7xx_HAL_Driver/Src/stm32h7xx_hal_rcc_ex.o
 .comment       0x00000043       0x44 ./Drivers/STM32H7xx_HAL_Driver/Src/stm32h7xx_hal_tim.o
 .comment       0x00000043       0x44 ./Drivers/STM32H7xx_HAL_Driver/Src/stm32h7xx_hal_tim_ex.o

.debug_frame    0x00000000     0x5958
 .debug_frame   0x00000000      0x288 ./Core/Src/main.o
 .debug_frame   0x00000288      0x200 ./Core/Src/stm32h7xx_hal_msp.o
 .debug_frame   0x00000488      0x158 ./Core/Src/stm32h7xx_it.o
 .debug_frame   0x000005e0       0x58 ./Core/Src/system_stm32h7xx.o
 .debug_frame   0x00000638      0x760 ./Drivers/STM32H7xx_HAL_Driver/Src/stm32h7xx_hal.o
 .debug_frame   0x00000d98      0xb40 ./Drivers/STM32H7xx_HAL_Driver/Src/stm32h7xx_hal_adc.o
 .debug_frame   0x000018d8      0x2e4 ./Drivers/STM32H7xx_HAL_Driver/Src/stm32h7xx_hal_cordic.o
 .debug_frame   0x00001bbc      0x508 ./Drivers/STM32H7xx_HAL_Driver/Src/stm32h7xx_hal_cortex.o
 .debug_frame   0x000020c4      0x338 ./Drivers/STM32H7xx_HAL_Driver/Src/stm32h7xx_hal_dac.o
 .debug_frame   0x000023fc      0x2cc ./Drivers/STM32H7xx_HAL_Driver/Src/stm32h7xx_hal_dac_ex.o
 .debug_frame   0x000026c8      0x2b4 ./Drivers/STM32H7xx_HAL_Driver/Src/stm32h7xx_hal_dma.o
 .debug_frame   0x0000297c      0x640 ./Drivers/STM32H7xx_HAL_Driver/Src/stm32h7xx_hal_fmac.o
 .debug_frame   0x00002fbc      0x14c ./Drivers/STM32H7xx_HAL_Driver/Src/stm32h7xx_hal_gpio.o
 .debug_frame   0x00003108      0x540 ./Drivers/STM32H7xx_HAL_Driver/Src/stm32h7xx_hal_pwr_ex.o
 .debug_frame   0x00003648      0x1fc ./Drivers/STM32H7xx_HAL_Driver/Src/stm32h7xx_hal_rcc.o
 .debug_frame   0x00003844      0x414 ./Drivers/STM32H7xx_HAL_Driver/Src/stm32h7xx_hal_rcc_ex.o
 .debug_frame   0x00003c58     0x121c ./Drivers/STM32H7xx_HAL_Driver/Src/stm32h7xx_hal_tim.o
 .debug_frame   0x00004e74      0x724 ./Drivers/STM32H7xx_HAL_Driver/Src/stm32h7xx_hal_tim_ex.o
 .debug_frame   0x00005598       0x7c C:/ST/STM32CubeIDE_1.16.1/STM32CubeIDE/plugins/com.st.stm32cube.ide.mcu.externaltools.gnu-tools-for-stm32.12.3.rel1.win32_1.0.200.202406191623/tools/bin/../lib/gcc/arm-none-eabi/12.3.1/../../../../arm-none-eabi/lib/thumb/v7e-m+dp/hard\libm.a(libm_a-sf_pow.o)
 .debug_frame   0x00005614       0x50 C:/ST/STM32CubeIDE_1.16.1/STM32CubeIDE/plugins/com.st.stm32cube.ide.mcu.externaltools.gnu-tools-for-stm32.12.3.rel1.win32_1.0.200.202406191623/tools/bin/../lib/gcc/arm-none-eabi/12.3.1/../../../../arm-none-eabi/lib/thumb/v7e-m+dp/hard\libm.a(libm_a-cosf.o)
 .debug_frame   0x00005664       0x98 C:/ST/STM32CubeIDE_1.16.1/STM32CubeIDE/plugins/com.st.stm32cube.ide.mcu.externaltools.gnu-tools-for-stm32.12.3.rel1.win32_1.0.200.202406191623/tools/bin/../lib/gcc/arm-none-eabi/12.3.1/../../../../arm-none-eabi/lib/thumb/v7e-m+dp/hard\libm.a(libm_a-math_errf.o)
 .debug_frame   0x000056fc      0x144 C:/ST/STM32CubeIDE_1.16.1/STM32CubeIDE/plugins/com.st.stm32cube.ide.mcu.externaltools.gnu-tools-for-stm32.12.3.rel1.win32_1.0.200.202406191623/tools/bin/../lib/gcc/arm-none-eabi/12.3.1/../../../../arm-none-eabi/lib/thumb/v7e-m+dp/hard\libc_nano.a(libc_a-findfp.o)
 .debug_frame   0x00005840       0x20 C:/ST/STM32CubeIDE_1.16.1/STM32CubeIDE/plugins/com.st.stm32cube.ide.mcu.externaltools.gnu-tools-for-stm32.12.3.rel1.win32_1.0.200.202406191623/tools/bin/../lib/gcc/arm-none-eabi/12.3.1/../../../../arm-none-eabi/lib/thumb/v7e-m+dp/hard\libc_nano.a(libc_a-memset.o)
 .debug_frame   0x00005860       0x20 C:/ST/STM32CubeIDE_1.16.1/STM32CubeIDE/plugins/com.st.stm32cube.ide.mcu.externaltools.gnu-tools-for-stm32.12.3.rel1.win32_1.0.200.202406191623/tools/bin/../lib/gcc/arm-none-eabi/12.3.1/../../../../arm-none-eabi/lib/thumb/v7e-m+dp/hard\libc_nano.a(libc_a-errno.o)
 .debug_frame   0x00005880       0x2c C:/ST/STM32CubeIDE_1.16.1/STM32CubeIDE/plugins/com.st.stm32cube.ide.mcu.externaltools.gnu-tools-for-stm32.12.3.rel1.win32_1.0.200.202406191623/tools/bin/../lib/gcc/arm-none-eabi/12.3.1/../../../../arm-none-eabi/lib/thumb/v7e-m+dp/hard\libc_nano.a(libc_a-init.o)
 .debug_frame   0x000058ac       0xac C:/ST/STM32CubeIDE_1.16.1/STM32CubeIDE/plugins/com.st.stm32cube.ide.mcu.externaltools.gnu-tools-for-stm32.12.3.rel1.win32_1.0.200.202406191623/tools/bin/../lib/gcc/arm-none-eabi/12.3.1/thumb/v7e-m+dp/hard\libgcc.a(_arm_addsubdf3.o)

.debug_line_str
                0x00000000       0x71
 .debug_line_str
                0x00000000       0x71 ./Core/Startup/startup_stm32h723vgtx.o
