../Core/Src/main.c:98:6:HAL_TIM_IC_CaptureCallback	4
../Core/Src/main.c:125:5:main	1
../Core/Src/main.c:182:6:SystemClock_Config	4
../Core/Src/main.c:242:13:MX_ADC3_Init	3
../Core/Src/main.c:305:13:MX_DAC1_Init	3
../Core/Src/main.c:348:13:MX_TIM3_Init	3
../Core/Src/main.c:397:13:MX_TIM6_Init	3
../Core/Src/main.c:433:13:MX_DMA_Init	1
../Core/Src/main.c:454:13:MX_GPIO_Init	1
../Core/Src/main.c:469:10:Do_PitchShift	12
../Core/Src/main.c:520:6:HAL_ADC_ConvHalfCpltCallback	2
../Core/Src/main.c:527:6:HAL_ADC_ConvCpltCallback	2
../Core/Src/main.c:553:6:Error_Handler	1
