../Core/Src/main.c:94:6:ControlLEDs	15
../Core/Src/main.c:172:6:HAL_TIM_IC_CaptureCallback	4
../Core/Src/main.c:199:5:main	2
../Core/Src/main.c:280:6:SystemClock_Config	4
../Core/Src/main.c:340:13:MX_ADC3_Init	3
../Core/Src/main.c:403:13:MX_CORDIC_Init	2
../Core/Src/main.c:429:13:MX_DAC1_Init	3
../Core/Src/main.c:472:13:MX_FMAC_Init	2
../Core/Src/main.c:498:13:MX_TIM3_Init	3
../Core/Src/main.c:547:13:MX_TIM6_Init	3
../Core/Src/main.c:583:13:MX_DMA_Init	1
../Core/Src/main.c:604:13:MX_GPIO_Init	1
../Core/Src/main.c:641:7:cubicInterpolate	1
../Core/Src/main.c:654:7:sineCrossfade	1
../Core/Src/main.c:665:10:Do_PitchShift	12
../Core/Src/main.c:750:6:HAL_ADC_ConvHalfCpltCallback	2
../Core/Src/main.c:757:6:HAL_ADC_ConvCpltCallback	2
../Core/Src/main.c:769:6:Error_Handler	1
